../Core/Src/main.c:115:6:loadConfig	16	static
../Core/Src/main.c:140:6:saveConfig	24	static
../Core/Src/main.c:183:6:configure	16	static
../Core/Src/main.c:261:5:main	8	static
../Core/Src/main.c:348:6:SystemClock_Config	88	static
../Core/Src/main.c:395:13:MX_CRC_Init	8	static
../Core/Src/main.c:426:13:MX_I2C1_Init	8	static
../Core/Src/main.c:474:13:MX_TIM3_Init	64	static
../Core/Src/main.c:533:13:MX_TIM16_Init	8	static
../Core/Src/main.c:565:13:MX_TIM17_Init	8	static
../Core/Src/main.c:597:13:MX_GPIO_Init	48	static
../Core/Src/main.c:639:6:setLightLevel	16	static
../Core/Src/main.c:671:6:HAL_GPIO_EXTI_Rising_Callback	16	static
../Core/Src/main.c:678:6:HAL_GPIO_EXTI_Falling_Callback	32	static
../Core/Src/main.c:723:6:HAL_TIM_PeriodElapsedCallback	16	static
../Core/Src/main.c:748:6:Error_Handler	8	static,ignoring_inline_asm
