../Core/Src/main.c:115:15:loadConfig	16	static
../Core/Src/main.c:138:15:saveConfig	24	static
../Core/Src/main.c:181:6:configure	16	static
../Core/Src/main.c:249:5:main	8	static
../Core/Src/main.c:323:6:SystemClock_Config	88	static
../Core/Src/main.c:370:13:MX_CRC_Init	8	static
../Core/Src/main.c:401:13:MX_I2C1_Init	8	static
../Core/Src/main.c:449:13:MX_TIM3_Init	64	static
../Core/Src/main.c:508:13:MX_TIM16_Init	8	static
../Core/Src/main.c:540:13:MX_TIM17_Init	8	static
../Core/Src/main.c:572:13:MX_GPIO_Init	48	static
../Core/Src/main.c:614:6:setLightLevel	16	static
../Core/Src/main.c:621:6:HAL_GPIO_EXTI_Rising_Callback	16	static
../Core/Src/main.c:630:6:HAL_GPIO_EXTI_Falling_Callback	32	static
../Core/Src/main.c:677:6:HAL_TIM_PeriodElapsedCallback	16	static
../Core/Src/main.c:703:6:Error_Handler	8	static,ignoring_inline_asm
