Archive member included to satisfy reference by file (symbol)

c:/st/stm32cubeide_1.8.0/stm32cubeide/plugins/com.st.stm32cube.ide.mcu.externaltools.gnu-tools-for-stm32.10.3-2021.10.win32_1.0.0.202111181127/tools/bin/../lib/gcc/arm-none-eabi/10.3.1/../../../../arm-none-eabi/lib/thumb/v6-m/nofp\libc_nano.a(lib_a-errno.o)
                              ./Core/Src/syscalls.o (__errno)
c:/st/stm32cubeide_1.8.0/stm32cubeide/plugins/com.st.stm32cube.ide.mcu.externaltools.gnu-tools-for-stm32.10.3-2021.10.win32_1.0.0.202111181127/tools/bin/../lib/gcc/arm-none-eabi/10.3.1/../../../../arm-none-eabi/lib/thumb/v6-m/nofp\libc_nano.a(lib_a-exit.o)
                              c:/st/stm32cubeide_1.8.0/stm32cubeide/plugins/com.st.stm32cube.ide.mcu.externaltools.gnu-tools-for-stm32.10.3-2021.10.win32_1.0.0.202111181127/tools/bin/../lib/gcc/arm-none-eabi/10.3.1/../../../../arm-none-eabi/lib/thumb/v6-m/nofp/crt0.o (exit)
c:/st/stm32cubeide_1.8.0/stm32cubeide/plugins/com.st.stm32cube.ide.mcu.externaltools.gnu-tools-for-stm32.10.3-2021.10.win32_1.0.0.202111181127/tools/bin/../lib/gcc/arm-none-eabi/10.3.1/../../../../arm-none-eabi/lib/thumb/v6-m/nofp\libc_nano.a(lib_a-impure.o)
                              c:/st/stm32cubeide_1.8.0/stm32cubeide/plugins/com.st.stm32cube.ide.mcu.externaltools.gnu-tools-for-stm32.10.3-2021.10.win32_1.0.0.202111181127/tools/bin/../lib/gcc/arm-none-eabi/10.3.1/../../../../arm-none-eabi/lib/thumb/v6-m/nofp\libc_nano.a(lib_a-exit.o) (_global_impure_ptr)
c:/st/stm32cubeide_1.8.0/stm32cubeide/plugins/com.st.stm32cube.ide.mcu.externaltools.gnu-tools-for-stm32.10.3-2021.10.win32_1.0.0.202111181127/tools/bin/../lib/gcc/arm-none-eabi/10.3.1/../../../../arm-none-eabi/lib/thumb/v6-m/nofp\libc_nano.a(lib_a-init.o)
                              c:/st/stm32cubeide_1.8.0/stm32cubeide/plugins/com.st.stm32cube.ide.mcu.externaltools.gnu-tools-for-stm32.10.3-2021.10.win32_1.0.0.202111181127/tools/bin/../lib/gcc/arm-none-eabi/10.3.1/../../../../arm-none-eabi/lib/thumb/v6-m/nofp/crt0.o (__libc_init_array)
c:/st/stm32cubeide_1.8.0/stm32cubeide/plugins/com.st.stm32cube.ide.mcu.externaltools.gnu-tools-for-stm32.10.3-2021.10.win32_1.0.0.202111181127/tools/bin/../lib/gcc/arm-none-eabi/10.3.1/../../../../arm-none-eabi/lib/thumb/v6-m/nofp\libc_nano.a(lib_a-memset.o)
                              c:/st/stm32cubeide_1.8.0/stm32cubeide/plugins/com.st.stm32cube.ide.mcu.externaltools.gnu-tools-for-stm32.10.3-2021.10.win32_1.0.0.202111181127/tools/bin/../lib/gcc/arm-none-eabi/10.3.1/../../../../arm-none-eabi/lib/thumb/v6-m/nofp/crt0.o (memset)
c:/st/stm32cubeide_1.8.0/stm32cubeide/plugins/com.st.stm32cube.ide.mcu.externaltools.gnu-tools-for-stm32.10.3-2021.10.win32_1.0.0.202111181127/tools/bin/../lib/gcc/arm-none-eabi/10.3.1/thumb/v6-m/nofp\libgcc.a(_udivsi3.o)
                              ./Core/Src/system_stm32g0xx.o (__aeabi_uidiv)
c:/st/stm32cubeide_1.8.0/stm32cubeide/plugins/com.st.stm32cube.ide.mcu.externaltools.gnu-tools-for-stm32.10.3-2021.10.win32_1.0.0.202111181127/tools/bin/../lib/gcc/arm-none-eabi/10.3.1/thumb/v6-m/nofp\libgcc.a(_divsi3.o)
                              ./Core/Src/main.o (__aeabi_idiv)
c:/st/stm32cubeide_1.8.0/stm32cubeide/plugins/com.st.stm32cube.ide.mcu.externaltools.gnu-tools-for-stm32.10.3-2021.10.win32_1.0.0.202111181127/tools/bin/../lib/gcc/arm-none-eabi/10.3.1/thumb/v6-m/nofp\libgcc.a(_dvmd_tls.o)
                              c:/st/stm32cubeide_1.8.0/stm32cubeide/plugins/com.st.stm32cube.ide.mcu.externaltools.gnu-tools-for-stm32.10.3-2021.10.win32_1.0.0.202111181127/tools/bin/../lib/gcc/arm-none-eabi/10.3.1/thumb/v6-m/nofp\libgcc.a(_udivsi3.o) (__aeabi_idiv0)
c:/st/stm32cubeide_1.8.0/stm32cubeide/plugins/com.st.stm32cube.ide.mcu.externaltools.gnu-tools-for-stm32.10.3-2021.10.win32_1.0.0.202111181127/tools/bin/../lib/gcc/arm-none-eabi/10.3.1/thumb/v6-m/nofp\libgcc.a(_arm_cmpdf2.o)
                              ./Drivers/vl53l0x/VL53L0X.o (__aeabi_dcmpgt)
c:/st/stm32cubeide_1.8.0/stm32cubeide/plugins/com.st.stm32cube.ide.mcu.externaltools.gnu-tools-for-stm32.10.3-2021.10.win32_1.0.0.202111181127/tools/bin/../lib/gcc/arm-none-eabi/10.3.1/thumb/v6-m/nofp\libgcc.a(_arm_cmpsf2.o)
                              ./Drivers/vl53l0x/VL53L0X.o (__aeabi_fcmplt)
c:/st/stm32cubeide_1.8.0/stm32cubeide/plugins/com.st.stm32cube.ide.mcu.externaltools.gnu-tools-for-stm32.10.3-2021.10.win32_1.0.0.202111181127/tools/bin/../lib/gcc/arm-none-eabi/10.3.1/thumb/v6-m/nofp\libgcc.a(_fixunssfsi.o)
                              ./Drivers/vl53l0x/VL53L0X.o (__aeabi_f2uiz)
c:/st/stm32cubeide_1.8.0/stm32cubeide/plugins/com.st.stm32cube.ide.mcu.externaltools.gnu-tools-for-stm32.10.3-2021.10.win32_1.0.0.202111181127/tools/bin/../lib/gcc/arm-none-eabi/10.3.1/thumb/v6-m/nofp\libgcc.a(divsf3.o)
                              ./Drivers/vl53l0x/VL53L0X.o (__aeabi_fdiv)
[...]
Memory Configuration

Name             Origin             Length             Attributes
RAM              0x0000000020000000 0x0000000000002000 xrw
FLASH            0x0000000008000000 0x000000000000f800 xr
*default*        0x0000000000000000 0xffffffffffffffff

Linker script and memory map

LOAD c:/st/stm32cubeide_1.8.0/stm32cubeide/plugins/com.st.stm32cube.ide.mcu.externaltools.gnu-tools-for-stm32.10.3-2021.10.win32_1.0.0.202111181127/tools/bin/../lib/gcc/arm-none-eabi/10.3.1/thumb/v6-m/nofp/crti.o
LOAD c:/st/stm32cubeide_1.8.0/stm32cubeide/plugins/com.st.stm32cube.ide.mcu.externaltools.gnu-tools-for-stm32.10.3-2021.10.win32_1.0.0.202111181127/tools/bin/../lib/gcc/arm-none-eabi/10.3.1/thumb/v6-m/nofp/crtbegin.o
LOAD c:/st/stm32cubeide_1.8.0/stm32cubeide/plugins/com.st.stm32cube.ide.mcu.externaltools.gnu-tools-for-stm32.10.3-2021.10.win32_1.0.0.202111181127/tools/bin/../lib/gcc/arm-none-eabi/10.3.1/../../../../arm-none-eabi/lib/thumb/v6-m/nofp/crt0.o
LOAD ./Core/Src/main.o
LOAD ./Core/Src/stm32g0xx_hal_msp.o
LOAD ./Core/Src/stm32g0xx_it.o
LOAD ./Core/Src/syscalls.o
LOAD ./Core/Src/sysmem.o
LOAD ./Core/Src/system_stm32g0xx.o
LOAD ./Core/Startup/startup_stm32g031g8ux.o
LOAD ./Drivers/STM32G0xx_HAL_Driver/Src/stm32g0xx_hal.o
LOAD ./Drivers/STM32G0xx_HAL_Driver/Src/stm32g0xx_hal_cortex.o
LOAD ./Drivers/STM32G0xx_HAL_Driver/Src/stm32g0xx_hal_crc.o
LOAD ./Drivers/STM32G0xx_HAL_Driver/Src/stm32g0xx_hal_crc_ex.o
LOAD ./Drivers/STM32G0xx_HAL_Driver/Src/stm32g0xx_hal_dma.o
LOAD ./Drivers/STM32G0xx_HAL_Driver/Src/stm32g0xx_hal_dma_ex.o
LOAD ./Drivers/STM32G0xx_HAL_Driver/Src/stm32g0xx_hal_exti.o
LOAD ./Drivers/STM32G0xx_HAL_Driver/Src/stm32g0xx_hal_flash.o
LOAD ./Drivers/STM32G0xx_HAL_Driver/Src/stm32g0xx_hal_flash_ex.o
LOAD ./Drivers/STM32G0xx_HAL_Driver/Src/stm32g0xx_hal_gpio.o
LOAD ./Drivers/STM32G0xx_HAL_Driver/Src/stm32g0xx_hal_i2c.o
LOAD ./Drivers/STM32G0xx_HAL_Driver/Src/stm32g0xx_hal_i2c_ex.o
LOAD ./Drivers/STM32G0xx_HAL_Driver/Src/stm32g0xx_hal_pwr.o
LOAD ./Drivers/STM32G0xx_HAL_Driver/Src/stm32g0xx_hal_pwr_ex.o
LOAD ./Drivers/STM32G0xx_HAL_Driver/Src/stm32g0xx_hal_rcc.o
LOAD ./Drivers/STM32G0xx_HAL_Driver/Src/stm32g0xx_hal_rcc_ex.o
LOAD ./Drivers/STM32G0xx_HAL_Driver/Src/stm32g0xx_hal_tim.o
LOAD ./Drivers/STM32G0xx_HAL_Driver/Src/stm32g0xx_hal_tim_ex.o
LOAD ./Drivers/STM32G0xx_HAL_Driver/Src/stm32g0xx_ll_dma.o
LOAD ./Drivers/STM32G0xx_HAL_Driver/Src/stm32g0xx_ll_rcc.o
LOAD ./Drivers/vl53l0x/VL53L0X.o
START GROUP
LOAD c:/st/stm32cubeide_1.8.0/stm32cubeide/plugins/com.st.stm32cube.ide.mcu.externaltools.gnu-tools-for-stm32.10.3-2021.10.win32_1.0.0.202111181127/tools/bin/../lib/gcc/arm-none-eabi/10.3.1/../../../../arm-none-eabi/lib/thumb/v6-m/nofp\libc_nano.a
LOAD c:/st/stm32cubeide_1.8.0/stm32cubeide/plugins/com.st.stm32cube.ide.mcu.externaltools.gnu-tools-for-stm32.10.3-2021.10.win32_1.0.0.202111181127/tools/bin/../lib/gcc/arm-none-eabi/10.3.1/../../../../arm-none-eabi/lib/thumb/v6-m/nofp\libm.a
END GROUP
START GROUP
LOAD c:/st/stm32cubeide_1.8.0/stm32cubeide/plugins/com.st.stm32cube.ide.mcu.externaltools.gnu-tools-for-stm32.10.3-2021.10.win32_1.0.0.202111181127/tools/bin/../lib/gcc/arm-none-eabi/10.3.1/thumb/v6-m/nofp\libgcc.a
LOAD c:/st/stm32cubeide_1.8.0/stm32cubeide/plugins/com.st.stm32cube.ide.mcu.externaltools.gnu-tools-for-stm32.10.3-2021.10.win32_1.0.0.202111181127/tools/bin/../lib/gcc/arm-none-eabi/10.3.1/../../../../arm-none-eabi/lib/thumb/v6-m/nofp\libc_nano.a
END GROUP
START GROUP
LOAD c:/st/stm32cubeide_1.8.0/stm32cubeide/plugins/com.st.stm32cube.ide.mcu.externaltools.gnu-tools-for-stm32.10.3-2021.10.win32_1.0.0.202111181127/tools/bin/../lib/gcc/arm-none-eabi/10.3.1/thumb/v6-m/nofp\libgcc.a
LOAD c:/st/stm32cubeide_1.8.0/stm32cubeide/plugins/com.st.stm32cube.ide.mcu.externaltools.gnu-tools-for-stm32.10.3-2021.10.win32_1.0.0.202111181127/tools/bin/../lib/gcc/arm-none-eabi/10.3.1/../../../../arm-none-eabi/lib/thumb/v6-m/nofp\libc_nano.a
LOAD c:/st/stm32cubeide_1.8.0/stm32cubeide/plugins/com.st.stm32cube.ide.mcu.externaltools.gnu-tools-for-stm32.10.3-2021.10.win32_1.0.0.202111181127/tools/bin/../lib/gcc/arm-none-eabi/10.3.1/../../../../arm-none-eabi/lib/thumb/v6-m/nofp\libnosys.a
END GROUP
START GROUP
LOAD c:/st/stm32cubeide_1.8.0/stm32cubeide/plugins/com.st.stm32cube.ide.mcu.externaltools.gnu-tools-for-stm32.10.3-2021.10.win32_1.0.0.202111181127/tools/bin/../lib/gcc/arm-none-eabi/10.3.1/thumb/v6-m/nofp\libgcc.a
LOAD c:/st/stm32cubeide_1.8.0/stm32cubeide/plugins/com.st.stm32cube.ide.mcu.externaltools.gnu-tools-for-stm32.10.3-2021.10.win32_1.0.0.202111181127/tools/bin/../lib/gcc/arm-none-eabi/10.3.1/../../../../arm-none-eabi/lib/thumb/v6-m/nofp\libc_nano.a
LOAD c:/st/stm32cubeide_1.8.0/stm32cubeide/plugins/com.st.stm32cube.ide.mcu.externaltools.gnu-tools-for-stm32.10.3-2021.10.win32_1.0.0.202111181127/tools/bin/../lib/gcc/arm-none-eabi/10.3.1/../../../../arm-none-eabi/lib/thumb/v6-m/nofp\libnosys.a
END GROUP
LOAD c:/st/stm32cubeide_1.8.0/stm32cubeide/plugins/com.st.stm32cube.ide.mcu.externaltools.gnu-tools-for-stm32.10.3-2021.10.win32_1.0.0.202111181127/tools/bin/../lib/gcc/arm-none-eabi/10.3.1/thumb/v6-m/nofp/crtend.o
LOAD c:/st/stm32cubeide_1.8.0/stm32cubeide/plugins/com.st.stm32cube.ide.mcu.externaltools.gnu-tools-for-stm32.10.3-2021.10.win32_1.0.0.202111181127/tools/bin/../lib/gcc/arm-none-eabi/10.3.1/thumb/v6-m/nofp/crtn.o
                0x0000000020002000                _estack = (ORIGIN (RAM) + LENGTH (RAM))
                0x0000000000000200                _Min_Heap_Size = 0x200
                0x0000000000000400                _Min_Stack_Size = 0x400

.isr_vector     0x0000000008000000       0xbc
                0x0000000008000000                . = ALIGN (0x4)
 *(.isr_vector)
 .isr_vector    0x0000000008000000       0xbc ./Core/Startup/startup_stm32g031g8ux.o
                0x0000000008000000                g_pfnVectors
                0x00000000080000bc                . = ALIGN (0x4)

.text           0x00000000080000c0     0x66e8
                0x00000000080000c0                . = ALIGN (0x4)
 *(.text)
 .text          0x00000000080000c0       0x48 c:/st/stm32cubeide_1.8.0/stm32cubeide/plugins/com.st.stm32cube.ide.mcu.externaltools.gnu-tools-for-stm32.10.3-2021.10.win32_1.0.0.202111181127/tools/bin/../lib/gcc/arm-none-eabi/10.3.1/thumb/v6-m/nofp/crtbegin.o
 .text          0x0000000008000108      0x114 c:/st/stm32cubeide_1.8.0/stm32cubeide/plugins/com.st.stm32cube.ide.mcu.externaltools.gnu-tools-for-stm32.10.3-2021.10.win32_1.0.0.202111181127/tools/bin/../lib/gcc/arm-none-eabi/10.3.1/thumb/v6-m/nofp\libgcc.a(_udivsi3.o)
                0x0000000008000108                __aeabi_uidiv
                0x0000000008000108                __udivsi3
                0x0000000008000214                __aeabi_uidivmod
 .text          0x000000000800021c      0x1d4 c:/st/stm32cubeide_1.8.0/stm32cubeide/plugins/com.st.stm32cube.ide.mcu.externaltools.gnu-tools-for-stm32.10.3-2021.10.win32_1.0.0.202111181127/tools/bin/../lib/gcc/arm-none-eabi/10.3.1/thumb/v6-m/nofp\libgcc.a(_divsi3.o)
                0x000000000800021c                __divsi3
                0x000000000800021c                __aeabi_idiv
                0x00000000080003e8                __aeabi_idivmod
 .text          0x00000000080003f0        0x4 c:/st/stm32cubeide_1.8.0/stm32cubeide/plugins/com.st.stm32cube.ide.mcu.externaltools.gnu-tools-for-stm32.10.3-2021.10.win32_1.0.0.202111181127/tools/bin/../lib/gcc/arm-none-eabi/10.3.1/thumb/v6-m/nofp\libgcc.a(_dvmd_tls.o)
                0x00000000080003f0                __aeabi_idiv0
                0x00000000080003f0                __aeabi_ldiv0
 .text          0x00000000080003f4       0x7c c:/st/stm32cubeide_1.8.0/stm32cubeide/plugins/com.st.stm32cube.ide.mcu.externaltools.gnu-tools-for-stm32.10.3-2021.10.win32_1.0.0.202111181127/tools/bin/../lib/gcc/arm-none-eabi/10.3.1/thumb/v6-m/nofp\libgcc.a(_arm_cmpdf2.o)
                0x00000000080003f4                __aeabi_cdrcmple
                0x0000000008000404                __aeabi_cdcmple
                0x0000000008000404                __aeabi_cdcmpeq
                0x0000000008000414                __aeabi_dcmpeq
                0x0000000008000420                __aeabi_dcmplt
                0x0000000008000434                __aeabi_dcmple
                0x0000000008000448                __aeabi_dcmpgt
                0x000000000800045c                __aeabi_dcmpge
 .text          0x0000000008000470       0x74 c:/st/stm32cubeide_1.8.0/stm32cubeide/plugins/com.st.stm32cube.ide.mcu.externaltools.gnu-tools-for-stm32.10.3-2021.10.win32_1.0.0.202111181127/tools/bin/../lib/gcc/arm-none-eabi/10.3.1/thumb/v6-m/nofp\libgcc.a(_arm_cmpsf2.o)
                0x0000000008000470                __aeabi_cfrcmple
                0x0000000008000478                __aeabi_cfcmpeq
                0x0000000008000478                __aeabi_cfcmple
                0x0000000008000488                __aeabi_fcmpeq
                0x0000000008000494                __aeabi_fcmplt
                0x00000000080004a8                __aeabi_fcmple
                0x00000000080004bc                __aeabi_fcmpgt
                0x00000000080004d0                __aeabi_fcmpge
 .text          0x00000000080004e4       0x30 c:/st/stm32cubeide_1.8.0/stm32cubeide/plugins/com.st.stm32cube.ide.mcu.externaltools.gnu-tools-for-stm32.10.3-2021.10.win32_1.0.0.202111181127/tools/bin/../lib/gcc/arm-none-eabi/10.3.1/thumb/v6-m/nofp\libgcc.a(_fixunssfsi.o)
                0x00000000080004e4                __fixunssfsi
                0x00000000080004e4                __aeabi_f2uiz
 .text          0x0000000008000514       0x4c c:/st/stm32cubeide_1.8.0/stm32cubeide/plugins/com.st.stm32cube.ide.mcu.externaltools.gnu-tools-for-stm32.10.3-2021.10.win32_1.0.0.202111181127/tools/bin/../lib/gcc/arm-none-eabi/10.3.1/thumb/v6-m/nofp\libgcc.a(eqsf2.o)
                0x0000000008000514                __eqsf2
                0x0000000008000514                __nesf2
 .text          0x0000000008000560       0x8c c:/st/stm32cubeide_1.8.0/stm32cubeide/plugins/com.st.stm32cube.ide.mcu.externaltools.gnu-tools-for-stm32.10.3-2021.10.win32_1.0.0.202111181127/tools/bin/../lib/gcc/arm-none-eabi/10.3.1/thumb/v6-m/nofp\libgcc.a(gesf2.o)
                0x0000000008000560                __gesf2
                0x0000000008000560                __gtsf2
 .text          0x00000000080005ec       0x88 c:/st/stm32cubeide_1.8.0/stm32cubeide/plugins/com.st.stm32cube.ide.mcu.externaltools.gnu-tools-for-stm32.10.3-2021.10.win32_1.0.0.202111181127/tools/bin/../lib/gcc/arm-none-eabi/10.3.1/thumb/v6-m/nofp\libgcc.a(lesf2.o)
                0x00000000080005ec                __ltsf2
                0x00000000080005ec                __lesf2
 .text          0x0000000008000674      0x24c c:/st/stm32cubeide_1.8.0/stm32cubeide/plugins/com.st.stm32cube.ide.mcu.externaltools.gnu-tools-for-stm32.10.3-2021.10.win32_1.0.0.202111181127/tools/bin/../lib/gcc/arm-none-eabi/10.3.1/thumb/v6-m/nofp\libgcc.a(mulsf3.o)
                0x0000000008000674                __aeabi_fmul
 .text          0x00000000080008c0      0x35c c:/st/stm32cubeide_1.8.0/stm32cubeide/plugins/com.st.stm32cube.ide.mcu.externaltools.gnu-tools-for-stm32.10.3-2021.10.win32_1.0.0.202111181127/tools/bin/../lib/gcc/arm-none-eabi/10.3.1/thumb/v6-m/nofp\libgcc.a(subsf3.o)
                0x00000000080008c0                __aeabi_fsub
 .text          0x0000000008000c1c       0x40 c:/st/stm32cubeide_1.8.0/stm32cubeide/plugins/com.st.stm32cube.ide.mcu.externaltools.gnu-tools-for-stm32.10.3-2021.10.win32_1.0.0.202111181127/tools/bin/../lib/gcc/arm-none-eabi/10.3.1/thumb/v6-m/nofp\libgcc.a(fixsfsi.o)
                0x0000000008000c1c                __aeabi_f2iz
 .text          0x0000000008000c5c       0x84 c:/st/stm32cubeide_1.8.0/stm32cubeide/plugins/com.st.stm32cube.ide.mcu.externaltools.gnu-tools-for-stm32.10.3-2021.10.win32_1.0.0.202111181127/tools/bin/../lib/gcc/arm-none-eabi/10.3.1/thumb/v6-m/nofp\libgcc.a(eqdf2.o)
                0x0000000008000c5c                __nedf2
                0x0000000008000c5c                __eqdf2
 .text          0x0000000008000ce0       0xcc c:/st/stm32cubeide_1.8.0/stm32cubeide/plugins/com.st.stm32cube.ide.mcu.externaltools.gnu-tools-for-stm32.10.3-2021.10.win32_1.0.0.202111181127/tools/bin/../lib/gcc/arm-none-eabi/10.3.1/thumb/v6-m/nofp\libgcc.a(gedf2.o)
                0x0000000008000ce0                __gedf2
                0x0000000008000ce0                __gtdf2
 .text          0x0000000008000dac       0xc8 c:/st/stm32cubeide_1.8.0/stm32cubeide/plugins/com.st.stm32cube.ide.mcu.externaltools.gnu-tools-for-stm32.10.3-2021.10.win32_1.0.0.202111181127/tools/bin/../lib/gcc/arm-none-eabi/10.3.1/thumb/v6-m/nofp\libgcc.a(ledf2.o)
                0x0000000008000dac                __ledf2
                0x0000000008000dac                __ltdf2
 .text          0x0000000008000e74       0x90 c:/st/stm32cubeide_1.8.0/stm32cubeide/plugins/com.st.stm32cube.ide.mcu.externaltools.gnu-tools-for-stm32.10.3-2021.10.win32_1.0.0.202111181127/tools/bin/../lib/gcc/arm-none-eabi/10.3.1/thumb/v6-m/nofp\libgcc.a(extendsfdf2.o)
                0x0000000008000e74                __aeabi_f2d
 .text          0x0000000008000f04       0x3c c:/st/stm32cubeide_1.8.0/stm32cubeide/plugins/com.st.stm32cube.ide.mcu.externaltools.gnu-tools-for-stm32.10.3-2021.10.win32_1.0.0.202111181127/tools/bin/../lib/gcc/arm-none-eabi/10.3.1/thumb/v6-m/nofp\libgcc.a(_clzsi2.o)
                0x0000000008000f04                __clzsi2
 *(.text*)
 .text.loadConfig
                0x0000000008000f40       0x80 ./Core/Src/main.o
                0x0000000008000f40                loadConfig
 .text.saveConfig
                0x0000000008000fc0      0x104 ./Core/Src/main.o
                0x0000000008000fc0                saveConfig
 .text.fastBlink
                0x00000000080010c4       0x58 ./Core/Src/main.o
                0x00000000080010c4                fastBlink
 .text.configure
                0x000000000800111c       0xec ./Core/Src/main.o
                0x000000000800111c                configure
 .text.main     0x0000000008001208       0x94 ./Core/Src/main.o
                0x0000000008001208                main
 .text.SystemClock_Config
                0x000000000800129c       0xbc ./Core/Src/main.o
                0x000000000800129c                SystemClock_Config
 .text.MX_CRC_Init
                0x0000000008001358       0x48 ./Core/Src/main.o
 .text.MX_I2C1_Init
                0x00000000080013a0       0x80 ./Core/Src/main.o
 .text.MX_TIM3_Init
                0x0000000008001420       0xfc ./Core/Src/main.o
 .text.MX_TIM16_Init
                0x000000000800151c       0x54 ./Core/Src/main.o
 .text.MX_TIM17_Init
                0x0000000008001570       0x54 ./Core/Src/main.o
 .text.MX_GPIO_Init
                0x00000000080015c4      0x104 ./Core/Src/main.o
 .text.setLightLevel
                0x00000000080016c8       0x3c ./Core/Src/main.o
                0x00000000080016c8                setLightLevel
 .text.HAL_GPIO_EXTI_Rising_Callback
                0x0000000008001704       0x34 ./Core/Src/main.o
                0x0000000008001704                HAL_GPIO_EXTI_Rising_Callback
 .text.HAL_GPIO_EXTI_Falling_Callback
                0x0000000008001738      0x134 ./Core/Src/main.o
                0x0000000008001738                HAL_GPIO_EXTI_Falling_Callback
 .text.HAL_TIM_PeriodElapsedCallback
                0x000000000800186c       0xa0 ./Core/Src/main.o
                0x000000000800186c                HAL_TIM_PeriodElapsedCallback
 .text.Error_Handler
                0x000000000800190c        0xa ./Core/Src/main.o
                0x000000000800190c                Error_Handler
 *fill*         0x0000000008001916        0x2 
 .text.HAL_MspInit
                0x0000000008001918       0x48 ./Core/Src/stm32g0xx_hal_msp.o
                0x0000000008001918                HAL_MspInit
 .text.HAL_CRC_MspInit
                0x0000000008001960       0x40 ./Core/Src/stm32g0xx_hal_msp.o
                0x0000000008001960                HAL_CRC_MspInit
 .text.HAL_I2C_MspInit
                0x00000000080019a0       0xc4 ./Core/Src/stm32g0xx_hal_msp.o
                0x00000000080019a0                HAL_I2C_MspInit
 .text.HAL_TIM_Base_MspInit
                0x0000000008001a64       0xb4 ./Core/Src/stm32g0xx_hal_msp.o
                0x0000000008001a64                HAL_TIM_Base_MspInit
 .text.HAL_TIM_MspPostInit
                0x0000000008001b18       0x7c ./Core/Src/stm32g0xx_hal_msp.o
                0x0000000008001b18                HAL_TIM_MspPostInit
 .text.NMI_Handler
                0x0000000008001b94        0x6 ./Core/Src/stm32g0xx_it.o
                0x0000000008001b94                NMI_Handler
 .text.HardFault_Handler
                0x0000000008001b9a        0x6 ./Core/Src/stm32g0xx_it.o
                0x0000000008001b9a                HardFault_Handler
 .text.SVC_Handler
                0x0000000008001ba0        0xa ./Core/Src/stm32g0xx_it.o
                0x0000000008001ba0                SVC_Handler
 .text.PendSV_Handler
                0x0000000008001baa        0xa ./Core/Src/stm32g0xx_it.o
                0x0000000008001baa                PendSV_Handler
 .text.SysTick_Handler
                0x0000000008001bb4        0xe ./Core/Src/stm32g0xx_it.o
                0x0000000008001bb4                SysTick_Handler
 .text.EXTI0_1_IRQHandler
                0x0000000008001bc2       0x10 ./Core/Src/stm32g0xx_it.o
                0x0000000008001bc2                EXTI0_1_IRQHandler
 .text.EXTI4_15_IRQHandler
                0x0000000008001bd2       0x10 ./Core/Src/stm32g0xx_it.o
                0x0000000008001bd2                EXTI4_15_IRQHandler
 *fill*         0x0000000008001be2        0x2 
 .text.TIM16_IRQHandler
                0x0000000008001be4       0x18 ./Core/Src/stm32g0xx_it.o
                0x0000000008001be4                TIM16_IRQHandler
 .text.TIM17_IRQHandler
                0x0000000008001bfc       0x18 ./Core/Src/stm32g0xx_it.o
                0x0000000008001bfc                TIM17_IRQHandler
 .text.SystemInit
                0x0000000008001c14        0xa ./Core/Src/system_stm32g0xx.o
                0x0000000008001c14                SystemInit
 *fill*         0x0000000008001c1e        0x2 
 .text.Reset_Handler
                0x0000000008001c20       0x50 ./Core/Startup/startup_stm32g031g8ux.o
                0x0000000008001c20                Reset_Handler
 .text.Default_Handler
                0x0000000008001c70        0x2 ./Core/Startup/startup_stm32g031g8ux.o
                0x0000000008001c70                TIM1_CC_IRQHandler
                0x0000000008001c70                PVD_IRQHandler
                0x0000000008001c70                I2C1_IRQHandler
                0x0000000008001c70                LPTIM2_IRQHandler
                0x0000000008001c70                RTC_TAMP_IRQHandler
                0x0000000008001c70                SPI1_IRQHandler
                0x0000000008001c70                DMA1_Ch4_5_DMAMUX1_OVR_IRQHandler
                0x0000000008001c70                EXTI2_3_IRQHandler
                0x0000000008001c70                ADC1_IRQHandler
                0x0000000008001c70                I2C2_IRQHandler
                0x0000000008001c70                TIM3_IRQHandler
                0x0000000008001c70                RCC_IRQHandler
                0x0000000008001c70                DMA1_Channel1_IRQHandler
                0x0000000008001c70                Default_Handler
                0x0000000008001c70                TIM14_IRQHandler
                0x0000000008001c70                SPI2_IRQHandler
                0x0000000008001c70                WWDG_IRQHandler
                0x0000000008001c70                LPUART1_IRQHandler
                0x0000000008001c70                TIM2_IRQHandler
                0x0000000008001c70                DMA1_Channel2_3_IRQHandler
                0x0000000008001c70                USART2_IRQHandler
                0x0000000008001c70                FLASH_IRQHandler
                0x0000000008001c70                USART1_IRQHandler
                0x0000000008001c70                TIM1_BRK_UP_TRG_COM_IRQHandler
                0x0000000008001c70                LPTIM1_IRQHandler
 *fill*         0x0000000008001c72        0x2 
 .text.HAL_Init
                0x0000000008001c74       0x40 ./Drivers/STM32G0xx_HAL_Driver/Src/stm32g0xx_hal.o
                0x0000000008001c74                HAL_Init
 .text.HAL_InitTick
                0x0000000008001cb4       0x94 ./Drivers/STM32G0xx_HAL_Driver/Src/stm32g0xx_hal.o
                0x0000000008001cb4                HAL_InitTick
 .text.HAL_IncTick
                0x0000000008001d48       0x24 ./Drivers/STM32G0xx_HAL_Driver/Src/stm32g0xx_hal.o
                0x0000000008001d48                HAL_IncTick
 .text.HAL_GetTick
                0x0000000008001d6c       0x14 ./Drivers/STM32G0xx_HAL_Driver/Src/stm32g0xx_hal.o
                0x0000000008001d6c                HAL_GetTick
 .text.HAL_Delay
                0x0000000008001d80       0x48 ./Drivers/STM32G0xx_HAL_Driver/Src/stm32g0xx_hal.o
                0x0000000008001d80                HAL_Delay
 .text.__NVIC_EnableIRQ
                0x0000000008001dc8       0x34 ./Drivers/STM32G0xx_HAL_Driver/Src/stm32g0xx_hal_cortex.o
 .text.__NVIC_SetPriority
                0x0000000008001dfc       0xdc ./Drivers/STM32G0xx_HAL_Driver/Src/stm32g0xx_hal_cortex.o
 .text.SysTick_Config
                0x0000000008001ed8       0x48 ./Drivers/STM32G0xx_HAL_Driver/Src/stm32g0xx_hal_cortex.o
 .text.HAL_NVIC_SetPriority
                0x0000000008001f20       0x2a ./Drivers/STM32G0xx_HAL_Driver/Src/stm32g0xx_hal_cortex.o
                0x0000000008001f20                HAL_NVIC_SetPriority
 .text.HAL_NVIC_EnableIRQ
                0x0000000008001f4a       0x20 ./Drivers/STM32G0xx_HAL_Driver/Src/stm32g0xx_hal_cortex.o
                0x0000000008001f4a                HAL_NVIC_EnableIRQ
 .text.HAL_SYSTICK_Config
                0x0000000008001f6a       0x1a ./Drivers/STM32G0xx_HAL_Driver/Src/stm32g0xx_hal_cortex.o
                0x0000000008001f6a                HAL_SYSTICK_Config
 .text.HAL_CRC_Init
                0x0000000008001f84       0xcc ./Drivers/STM32G0xx_HAL_Driver/Src/stm32g0xx_hal_crc.o
                0x0000000008001f84                HAL_CRC_Init
 .text.HAL_CRC_Calculate
                0x0000000008002050       0x9e ./Drivers/STM32G0xx_HAL_Driver/Src/stm32g0xx_hal_crc.o
                0x0000000008002050                HAL_CRC_Calculate
 .text.CRC_Handle_8
                0x00000000080020ee      0x122 ./Drivers/STM32G0xx_HAL_Driver/Src/stm32g0xx_hal_crc.o
 .text.CRC_Handle_16
                0x0000000008002210       0x6e ./Drivers/STM32G0xx_HAL_Driver/Src/stm32g0xx_hal_crc.o
 .text.HAL_CRCEx_Polynomial_Set
                0x000000000800227e       0xda ./Drivers/STM32G0xx_HAL_Driver/Src/stm32g0xx_hal_crc_ex.o
                0x000000000800227e                HAL_CRCEx_Polynomial_Set
 .text.HAL_FLASH_Program
                0x0000000008002358       0x9c ./Drivers/STM32G0xx_HAL_Driver/Src/stm32g0xx_hal_flash.o
                0x0000000008002358                HAL_FLASH_Program
 .text.HAL_FLASH_Unlock
                0x00000000080023f4       0x48 ./Drivers/STM32G0xx_HAL_Driver/Src/stm32g0xx_hal_flash.o
                0x00000000080023f4                HAL_FLASH_Unlock
 .text.HAL_FLASH_Lock
                0x000000000800243c       0x38 ./Drivers/STM32G0xx_HAL_Driver/Src/stm32g0xx_hal_flash.o
                0x000000000800243c                HAL_FLASH_Lock
 .text.FLASH_WaitForLastOperation
                0x0000000008002474       0x9c ./Drivers/STM32G0xx_HAL_Driver/Src/stm32g0xx_hal_flash.o
                0x0000000008002474                FLASH_WaitForLastOperation
 .text.FLASH_Program_DoubleWord
                0x0000000008002510       0x40 ./Drivers/STM32G0xx_HAL_Driver/Src/stm32g0xx_hal_flash.o
 .text.HAL_FLASHEx_Erase
                0x0000000008002550       0xe8 ./Drivers/STM32G0xx_HAL_Driver/Src/stm32g0xx_hal_flash_ex.o
                0x0000000008002550                HAL_FLASHEx_Erase
 .text.FLASH_MassErase
                0x0000000008002638       0x28 ./Drivers/STM32G0xx_HAL_Driver/Src/stm32g0xx_hal_flash_ex.o
 .text.FLASH_PageErase
                0x0000000008002660       0x38 ./Drivers/STM32G0xx_HAL_Driver/Src/stm32g0xx_hal_flash_ex.o
                0x0000000008002660                FLASH_PageErase
 .text.HAL_GPIO_Init
                0x0000000008002698      0x2c8 ./Drivers/STM32G0xx_HAL_Driver/Src/stm32g0xx_hal_gpio.o
                0x0000000008002698                HAL_GPIO_Init
 .text.HAL_GPIO_WritePin
                0x0000000008002960       0x3a ./Drivers/STM32G0xx_HAL_Driver/Src/stm32g0xx_hal_gpio.o
                0x0000000008002960                HAL_GPIO_WritePin
 *fill*         0x000000000800299a        0x2 
 .text.HAL_GPIO_EXTI_IRQHandler
                0x000000000800299c       0x54 ./Drivers/STM32G0xx_HAL_Driver/Src/stm32g0xx_hal_gpio.o
                0x000000000800299c                HAL_GPIO_EXTI_IRQHandler
 .text.HAL_I2C_Init
                0x00000000080029f0      0x12c ./Drivers/STM32G0xx_HAL_Driver/Src/stm32g0xx_hal_i2c.o
                0x00000000080029f0                HAL_I2C_Init
 .text.HAL_I2C_Mem_Write
                0x0000000008002b1c      0x25c ./Drivers/STM32G0xx_HAL_Driver/Src/stm32g0xx_hal_i2c.o
                0x0000000008002b1c                HAL_I2C_Mem_Write
 .text.HAL_I2C_Mem_Read
                0x0000000008002d78      0x268 ./Drivers/STM32G0xx_HAL_Driver/Src/stm32g0xx_hal_i2c.o
                0x0000000008002d78                HAL_I2C_Mem_Read
 .text.I2C_RequestMemoryWrite
                0x0000000008002fe0       0xc8 ./Drivers/STM32G0xx_HAL_Driver/Src/stm32g0xx_hal_i2c.o
 .text.I2C_RequestMemoryRead
                0x00000000080030a8       0xc4 ./Drivers/STM32G0xx_HAL_Driver/Src/stm32g0xx_hal_i2c.o
 .text.I2C_Flush_TXDR
                0x000000000800316c       0x44 ./Drivers/STM32G0xx_HAL_Driver/Src/stm32g0xx_hal_i2c.o
 .text.I2C_WaitOnFlagUntilTimeout
                0x00000000080031b0       0x7e ./Drivers/STM32G0xx_HAL_Driver/Src/stm32g0xx_hal_i2c.o
 .text.I2C_WaitOnTXISFlagUntilTimeout
                0x000000000800322e       0x7e ./Drivers/STM32G0xx_HAL_Driver/Src/stm32g0xx_hal_i2c.o
 .text.I2C_WaitOnSTOPFlagUntilTimeout
                0x00000000080032ac       0x78 ./Drivers/STM32G0xx_HAL_Driver/Src/stm32g0xx_hal_i2c.o
 .text.I2C_IsErrorOccurred
                0x0000000008003324      0x200 ./Drivers/STM32G0xx_HAL_Driver/Src/stm32g0xx_hal_i2c.o
 .text.I2C_TransferConfig
                0x0000000008003524       0x74 ./Drivers/STM32G0xx_HAL_Driver/Src/stm32g0xx_hal_i2c.o
 .text.HAL_I2CEx_ConfigAnalogFilter
                0x0000000008003598       0x98 ./Drivers/STM32G0xx_HAL_Driver/Src/stm32g0xx_hal_i2c_ex.o
                0x0000000008003598                HAL_I2CEx_ConfigAnalogFilter
 .text.HAL_I2CEx_ConfigDigitalFilter
                0x0000000008003630       0x98 ./Drivers/STM32G0xx_HAL_Driver/Src/stm32g0xx_hal_i2c_ex.o
                0x0000000008003630                HAL_I2CEx_ConfigDigitalFilter
 .text.HAL_PWREx_ControlVoltageScaling
                0x00000000080036c8       0x80 ./Drivers/STM32G0xx_HAL_Driver/Src/stm32g0xx_hal_pwr_ex.o
                0x00000000080036c8                HAL_PWREx_ControlVoltageScaling
 .text.HAL_RCC_OscConfig
                0x0000000008003748      0x634 ./Drivers/STM32G0xx_HAL_Driver/Src/stm32g0xx_hal_rcc.o
                0x0000000008003748                HAL_RCC_OscConfig
 .text.HAL_RCC_ClockConfig
                0x0000000008003d7c      0x210 ./Drivers/STM32G0xx_HAL_Driver/Src/stm32g0xx_hal_rcc.o
                0x0000000008003d7c                HAL_RCC_ClockConfig
 .text.HAL_RCC_GetSysClockFreq
                0x0000000008003f8c      0x104 ./Drivers/STM32G0xx_HAL_Driver/Src/stm32g0xx_hal_rcc.o
                0x0000000008003f8c                HAL_RCC_GetSysClockFreq
 .text.HAL_RCCEx_PeriphCLKConfig
                0x0000000008004090      0x2f4 ./Drivers/STM32G0xx_HAL_Driver/Src/stm32g0xx_hal_rcc_ex.o
                0x0000000008004090                HAL_RCCEx_PeriphCLKConfig
 .text.HAL_TIM_Base_Init
                0x0000000008004384       0xb0 ./Drivers/STM32G0xx_HAL_Driver/Src/stm32g0xx_hal_tim.o
                0x0000000008004384                HAL_TIM_Base_Init
 .text.HAL_TIM_Base_Start_IT
                0x0000000008004434       0xa8 ./Drivers/STM32G0xx_HAL_Driver/Src/stm32g0xx_hal_tim.o
                0x0000000008004434                HAL_TIM_Base_Start_IT
 .text.HAL_TIM_Base_Stop_IT
                0x00000000080044dc       0x5c ./Drivers/STM32G0xx_HAL_Driver/Src/stm32g0xx_hal_tim.o
                0x00000000080044dc                HAL_TIM_Base_Stop_IT
 .text.HAL_TIM_PWM_Init
                0x0000000008004538       0xb0 ./Drivers/STM32G0xx_HAL_Driver/Src/stm32g0xx_hal_tim.o
                0x0000000008004538                HAL_TIM_PWM_Init
 .text.HAL_TIM_PWM_MspInit
                0x00000000080045e8       0x10 ./Drivers/STM32G0xx_HAL_Driver/Src/stm32g0xx_hal_tim.o
                0x00000000080045e8                HAL_TIM_PWM_MspInit
 .text.HAL_TIM_PWM_Start
                0x00000000080045f8      0x1bc ./Drivers/STM32G0xx_HAL_Driver/Src/stm32g0xx_hal_tim.o
                0x00000000080045f8                HAL_TIM_PWM_Start
 .text.HAL_TIM_IRQHandler
                0x00000000080047b4      0x264 ./Drivers/STM32G0xx_HAL_Driver/Src/stm32g0xx_hal_tim.o
                0x00000000080047b4                HAL_TIM_IRQHandler
 .text.HAL_TIM_PWM_ConfigChannel
                0x0000000008004a18      0x200 ./Drivers/STM32G0xx_HAL_Driver/Src/stm32g0xx_hal_tim.o
                0x0000000008004a18                HAL_TIM_PWM_ConfigChannel
 .text.HAL_TIM_ConfigClockSource
                0x0000000008004c18      0x1ac ./Drivers/STM32G0xx_HAL_Driver/Src/stm32g0xx_hal_tim.o
                0x0000000008004c18                HAL_TIM_ConfigClockSource
 .text.HAL_TIM_OC_DelayElapsedCallback
                0x0000000008004dc4       0x10 ./Drivers/STM32G0xx_HAL_Driver/Src/stm32g0xx_hal_tim.o
                0x0000000008004dc4                HAL_TIM_OC_DelayElapsedCallback
 .text.HAL_TIM_IC_CaptureCallback
                0x0000000008004dd4       0x10 ./Drivers/STM32G0xx_HAL_Driver/Src/stm32g0xx_hal_tim.o
                0x0000000008004dd4                HAL_TIM_IC_CaptureCallback
 .text.HAL_TIM_PWM_PulseFinishedCallback
                0x0000000008004de4       0x10 ./Drivers/STM32G0xx_HAL_Driver/Src/stm32g0xx_hal_tim.o
                0x0000000008004de4                HAL_TIM_PWM_PulseFinishedCallback
 .text.HAL_TIM_TriggerCallback
                0x0000000008004df4       0x10 ./Drivers/STM32G0xx_HAL_Driver/Src/stm32g0xx_hal_tim.o
                0x0000000008004df4                HAL_TIM_TriggerCallback
 .text.TIM_Base_SetConfig
                0x0000000008004e04       0xec ./Drivers/STM32G0xx_HAL_Driver/Src/stm32g0xx_hal_tim.o
                0x0000000008004e04                TIM_Base_SetConfig
 .text.TIM_OC1_SetConfig
                0x0000000008004ef0      0x100 ./Drivers/STM32G0xx_HAL_Driver/Src/stm32g0xx_hal_tim.o
 .text.TIM_OC2_SetConfig
                0x0000000008004ff0       0xfc ./Drivers/STM32G0xx_HAL_Driver/Src/stm32g0xx_hal_tim.o
                0x0000000008004ff0                TIM_OC2_SetConfig
 .text.TIM_OC3_SetConfig
                0x00000000080050ec      0x104 ./Drivers/STM32G0xx_HAL_Driver/Src/stm32g0xx_hal_tim.o
 .text.TIM_OC4_SetConfig
                0x00000000080051f0       0xc8 ./Drivers/STM32G0xx_HAL_Driver/Src/stm32g0xx_hal_tim.o
 .text.TIM_OC5_SetConfig
                0x00000000080052b8       0xb4 ./Drivers/STM32G0xx_HAL_Driver/Src/stm32g0xx_hal_tim.o
 .text.TIM_OC6_SetConfig
                0x000000000800536c       0xbc ./Drivers/STM32G0xx_HAL_Driver/Src/stm32g0xx_hal_tim.o
 .text.TIM_TI1_ConfigInputStage
                0x0000000008005428       0x5c ./Drivers/STM32G0xx_HAL_Driver/Src/stm32g0xx_hal_tim.o
 .text.TIM_TI2_ConfigInputStage
                0x0000000008005484       0x64 ./Drivers/STM32G0xx_HAL_Driver/Src/stm32g0xx_hal_tim.o
 .text.TIM_ITRx_SetConfig
                0x00000000080054e8       0x38 ./Drivers/STM32G0xx_HAL_Driver/Src/stm32g0xx_hal_tim.o
 .text.TIM_ETR_SetConfig
                0x0000000008005520       0x40 ./Drivers/STM32G0xx_HAL_Driver/Src/stm32g0xx_hal_tim.o
                0x0000000008005520                TIM_ETR_SetConfig
 .text.TIM_CCxChannelCmd
                0x0000000008005560       0x46 ./Drivers/STM32G0xx_HAL_Driver/Src/stm32g0xx_hal_tim.o
                0x0000000008005560                TIM_CCxChannelCmd
 *fill*         0x00000000080055a6        0x2 
 .text.HAL_TIMEx_MasterConfigSynchronization
                0x00000000080055a8       0xd0 ./Drivers/STM32G0xx_HAL_Driver/Src/stm32g0xx_hal_tim_ex.o
                0x00000000080055a8                HAL_TIMEx_MasterConfigSynchronization
 .text.HAL_TIMEx_CommutCallback
                0x0000000008005678       0x10 ./Drivers/STM32G0xx_HAL_Driver/Src/stm32g0xx_hal_tim_ex.o
                0x0000000008005678                HAL_TIMEx_CommutCallback
 .text.HAL_TIMEx_BreakCallback
                0x0000000008005688       0x10 ./Drivers/STM32G0xx_HAL_Driver/Src/stm32g0xx_hal_tim_ex.o
                0x0000000008005688                HAL_TIMEx_BreakCallback
 .text.HAL_TIMEx_Break2Callback
                0x0000000008005698       0x10 ./Drivers/STM32G0xx_HAL_Driver/Src/stm32g0xx_hal_tim_ex.o
                0x0000000008005698                HAL_TIMEx_Break2Callback
 .text.writeReg
                0x00000000080056a8       0x44 ./Drivers/vl53l0x/VL53L0X.o
                0x00000000080056a8                writeReg
 .text.writeReg16Bit
                0x00000000080056ec       0x60 ./Drivers/vl53l0x/VL53L0X.o
                0x00000000080056ec                writeReg16Bit
 .text.writeReg32Bit
                0x000000000800574c       0x68 ./Drivers/vl53l0x/VL53L0X.o
                0x000000000800574c                writeReg32Bit
 .text.readReg  0x00000000080057b4       0x44 ./Drivers/vl53l0x/VL53L0X.o
                0x00000000080057b4                readReg
 .text.readReg16Bit
                0x00000000080057f8       0x64 ./Drivers/vl53l0x/VL53L0X.o
                0x00000000080057f8                readReg16Bit
 .text.writeMulti
                0x000000000800585c       0x50 ./Drivers/vl53l0x/VL53L0X.o
                0x000000000800585c                writeMulti
 .text.readMulti
                0x00000000080058ac       0x50 ./Drivers/vl53l0x/VL53L0X.o
                0x00000000080058ac                readMulti
 .text.initVL53L0X
                0x00000000080058fc      0x4cc ./Drivers/vl53l0x/VL53L0X.o
                0x00000000080058fc                initVL53L0X
 .text.setSignalRateLimit
                0x0000000008005dc8       0x5c ./Drivers/vl53l0x/VL53L0X.o
                0x0000000008005dc8                setSignalRateLimit
 .text.setMeasurementTimingBudget
                0x0000000008005e24      0x190 ./Drivers/vl53l0x/VL53L0X.o
                0x0000000008005e24                setMeasurementTimingBudget
 .text.getMeasurementTimingBudget
                0x0000000008005fb4      0x118 ./Drivers/vl53l0x/VL53L0X.o
                0x0000000008005fb4                getMeasurementTimingBudget
 .text.getVcselPulsePeriod
                0x00000000080060cc       0x4a ./Drivers/vl53l0x/VL53L0X.o
                0x00000000080060cc                getVcselPulsePeriod
 *fill*         0x0000000008006116        0x2 
 .text.startContinuous
                0x0000000008006118       0x94 ./Drivers/vl53l0x/VL53L0X.o
                0x0000000008006118                startContinuous
 .text.readRangeContinuousMillimeters
                0x00000000080061ac      0x110 ./Drivers/vl53l0x/VL53L0X.o
                0x00000000080061ac                readRangeContinuousMillimeters
 .text.setTimeout
                0x00000000080062bc       0x20 ./Drivers/vl53l0x/VL53L0X.o
                0x00000000080062bc                setTimeout
 .text.getSpadInfo
                0x00000000080062dc      0x134 ./Drivers/vl53l0x/VL53L0X.o
                0x00000000080062dc                getSpadInfo
 .text.getSequenceStepEnables
                0x0000000008006410       0x74 ./Drivers/vl53l0x/VL53L0X.o
                0x0000000008006410                getSequenceStepEnables
 .text.getSequenceStepTimeouts
                0x0000000008006484       0xcc ./Drivers/vl53l0x/VL53L0X.o
                0x0000000008006484                getSequenceStepTimeouts
 .text.decodeTimeout
                0x0000000008006550       0x2c ./Drivers/vl53l0x/VL53L0X.o
 .text.encodeTimeout
                0x000000000800657c       0x68 ./Drivers/vl53l0x/VL53L0X.o
 .text.timeoutMclksToMicroseconds
                0x00000000080065e4       0x5e ./Drivers/vl53l0x/VL53L0X.o
 .text.timeoutMicrosecondsToMclks
                0x0000000008006642       0x60 ./Drivers/vl53l0x/VL53L0X.o
 *fill*         0x00000000080066a2        0x2 
 .text.performSingleRefCalibration
                0x00000000080066a4       0x84 ./Drivers/vl53l0x/VL53L0X.o
                0x00000000080066a4                performSingleRefCalibration
 .text.__libc_init_array
                0x0000000008006728       0x48 c:/st/stm32cubeide_1.8.0/stm32cubeide/plugins/com.st.stm32cube.ide.mcu.externaltools.gnu-tools-for-stm32.10.3-2021.10.win32_1.0.0.202111181127/tools/bin/../lib/gcc/arm-none-eabi/10.3.1/../../../../arm-none-eabi/lib/thumb/v6-m/nofp\libc_nano.a(lib_a-init.o)
                0x0000000008006728                __libc_init_array
 .text.memset   0x0000000008006770       0x10 c:/st/stm32cubeide_1.8.0/stm32cubeide/plugins/com.st.stm32cube.ide.mcu.externaltools.gnu-tools-for-stm32.10.3-2021.10.win32_1.0.0.202111181127/tools/bin/../lib/gcc/arm-none-eabi/10.3.1/../../../../arm-none-eabi/lib/thumb/v6-m/nofp\libc_nano.a(lib_a-memset.o)
                0x0000000008006770                memset
 *(.glue_7)
 .glue_7        0x0000000008006780        0x0 linker stubs
 *(.glue_7t)
 .glue_7t       0x0000000008006780        0x0 linker stubs
 *(.eh_frame)
 .eh_frame      0x0000000008006780        0x0 c:/st/stm32cubeide_1.8.0/stm32cubeide/plugins/com.st.stm32cube.ide.mcu.externaltools.gnu-tools-for-stm32.10.3-2021.10.win32_1.0.0.202111181127/tools/bin/../lib/gcc/arm-none-eabi/10.3.1/thumb/v6-m/nofp/crtbegin.o
 *(.init)
 .init          0x0000000008006780        0x4 c:/st/stm32cubeide_1.8.0/stm32cubeide/plugins/com.st.stm32cube.ide.mcu.externaltools.gnu-tools-for-stm32.10.3-2021.10.win32_1.0.0.202111181127/tools/bin/../lib/gcc/arm-none-eabi/10.3.1/thumb/v6-m/nofp/crti.o
                0x0000000008006780                _init
 .init          0x0000000008006784        0x8 c:/st/stm32cubeide_1.8.0/stm32cubeide/plugins/com.st.stm32cube.ide.mcu.externaltools.gnu-tools-for-stm32.10.3-2021.10.win32_1.0.0.202111181127/tools/bin/../lib/gcc/arm-none-eabi/10.3.1/thumb/v6-m/nofp/crtn.o
 *(.fini)
 .fini          0x000000000800678c        0x4 c:/st/stm32cubeide_1.8.0/stm32cubeide/plugins/com.st.stm32cube.ide.mcu.externaltools.gnu-tools-for-stm32.10.3-2021.10.win32_1.0.0.202111181127/tools/bin/../lib/gcc/arm-none-eabi/10.3.1/thumb/v6-m/nofp/crti.o
                0x000000000800678c                _fini
 .fini          0x0000000008006790        0x8 c:/st/stm32cubeide_1.8.0/stm32cubeide/plugins/com.st.stm32cube.ide.mcu.externaltools.gnu-tools-for-stm32.10.3-2021.10.win32_1.0.0.202111181127/tools/bin/../lib/gcc/arm-none-eabi/10.3.1/thumb/v6-m/nofp/crtn.o
 .fini.__stub   0x0000000008006798       0x10 linker stubs
                0x00000000080067a8                . = ALIGN (0x4)
                0x00000000080067a8                _etext = .

.vfp11_veneer   0x00000000080067a8        0x0
 .vfp11_veneer  0x00000000080067a8        0x0 linker stubs

.v4_bx          0x00000000080067a8        0x0
 .v4_bx         0x00000000080067a8        0x0 linker stubs

.iplt           0x00000000080067a8        0x0
 .iplt          0x00000000080067a8        0x0 c:/st/stm32cubeide_1.8.0/stm32cubeide/plugins/com.st.stm32cube.ide.mcu.externaltools.gnu-tools-for-stm32.10.3-2021.10.win32_1.0.0.202111181127/tools/bin/../lib/gcc/arm-none-eabi/10.3.1/thumb/v6-m/nofp/crtbegin.o

.rodata         0x00000000080067a8       0xd4
                0x00000000080067a8                . = ALIGN (0x4)
 *(.rodata)
 .rodata        0x00000000080067a8       0x40 c:/st/stm32cubeide_1.8.0/stm32cubeide/plugins/com.st.stm32cube.ide.mcu.externaltools.gnu-tools-for-stm32.10.3-2021.10.win32_1.0.0.202111181127/tools/bin/../lib/gcc/arm-none-eabi/10.3.1/thumb/v6-m/nofp\libgcc.a(mulsf3.o)
 *(.rodata*)
 .rodata.AHBPrescTable
                0x00000000080067e8       0x40 ./Core/Src/system_stm32g0xx.o
                0x00000000080067e8                AHBPrescTable
 .rodata.HAL_TIM_PWM_ConfigChannel
                0x0000000008006828       0x54 ./Drivers/STM32G0xx_HAL_Driver/Src/stm32g0xx_hal_tim.o
                0x000000000800687c                . = ALIGN (0x4)

.rel.dyn        0x000000000800687c        0x0
 .rel.iplt      0x000000000800687c        0x0 c:/st/stm32cubeide_1.8.0/stm32cubeide/plugins/com.st.stm32cube.ide.mcu.externaltools.gnu-tools-for-stm32.10.3-2021.10.win32_1.0.0.202111181127/tools/bin/../lib/gcc/arm-none-eabi/10.3.1/thumb/v6-m/nofp/crtbegin.o

.ARM.extab      0x000000000800687c        0x0
                0x000000000800687c                . = ALIGN (0x4)
 *(.ARM.extab* .gnu.linkonce.armextab.*)
                0x000000000800687c                . = ALIGN (0x4)

.ARM            0x000000000800687c        0x0
                0x000000000800687c                . = ALIGN (0x4)
                0x000000000800687c                __exidx_start = .
 *(.ARM.exidx*)
                0x000000000800687c                __exidx_end = .
                0x000000000800687c                . = ALIGN (0x4)

.preinit_array  0x000000000800687c        0x0
                0x000000000800687c                . = ALIGN (0x4)
                0x000000000800687c                PROVIDE (__preinit_array_start = .)
 *(.preinit_array*)
                0x000000000800687c                PROVIDE (__preinit_array_end = .)
                0x000000000800687c                . = ALIGN (0x4)

.init_array     0x000000000800687c        0x4
                0x000000000800687c                . = ALIGN (0x4)
                0x000000000800687c                PROVIDE (__init_array_start = .)
 *(SORT_BY_NAME(.init_array.*))
 *(.init_array*)
 .init_array    0x000000000800687c        0x4 c:/st/stm32cubeide_1.8.0/stm32cubeide/plugins/com.st.stm32cube.ide.mcu.externaltools.gnu-tools-for-stm32.10.3-2021.10.win32_1.0.0.202111181127/tools/bin/../lib/gcc/arm-none-eabi/10.3.1/thumb/v6-m/nofp/crtbegin.o
                0x0000000008006880                PROVIDE (__init_array_end = .)
                0x0000000008006880                . = ALIGN (0x4)

.fini_array     0x0000000008006880        0x4
                0x0000000008006880                . = ALIGN (0x4)
                [!provide]                        PROVIDE (__fini_array_start = .)
 *(SORT_BY_NAME(.fini_array.*))
 *(.fini_array*)
 .fini_array    0x0000000008006880        0x4 c:/st/stm32cubeide_1.8.0/stm32cubeide/plugins/com.st.stm32cube.ide.mcu.externaltools.gnu-tools-for-stm32.10.3-2021.10.win32_1.0.0.202111181127/tools/bin/../lib/gcc/arm-none-eabi/10.3.1/thumb/v6-m/nofp/crtbegin.o
                [!provide]                        PROVIDE (__fini_array_end = .)
                0x0000000008006884                . = ALIGN (0x4)
                0x0000000008006884                _sidata = LOADADDR (.data)

.data           0x0000000020000000       0x98 load address 0x0000000008006884
                0x0000000020000000                . = ALIGN (0x4)
                0x0000000020000000                _sdata = .
 *(.data)
 *(.data*)
 .data.needConfig
                0x0000000020000000        0x1 ./Core/Src/main.o
                0x0000000020000000                needConfig
 .data.dLevel   0x0000000020000001        0x1 ./Core/Src/main.o
                0x0000000020000001                dLevel
 *fill*         0x0000000020000002        0x2 
 .data.SystemCoreClock
                0x0000000020000004        0x4 ./Core/Src/system_stm32g0xx.o
                0x0000000020000004                SystemCoreClock
 .data.uwTickPrio
                0x0000000020000008        0x4 ./Drivers/STM32G0xx_HAL_Driver/Src/stm32g0xx_hal.o
                0x0000000020000008                uwTickPrio
 .data.uwTickFreq
                0x000000002000000c        0x1 ./Drivers/STM32G0xx_HAL_Driver/Src/stm32g0xx_hal.o
                0x000000002000000c                uwTickFreq
 .data.g_i2cAddr
                0x000000002000000d        0x1 ./Drivers/vl53l0x/VL53L0X.o
                0x000000002000000d                g_i2cAddr
 *(.RamFunc)
 *fill*         0x000000002000000e        0x2 
 .RamFunc       0x0000000020000010       0x88 ./Drivers/STM32G0xx_HAL_Driver/Src/stm32g0xx_hal_flash.o
 *(.RamFunc*)
                0x0000000020000098                . = ALIGN (0x4)
                0x0000000020000098                _edata = .

.igot.plt       0x0000000020000098        0x0 load address 0x000000000800691c
 .igot.plt      0x0000000020000098        0x0 c:/st/stm32cubeide_1.8.0/stm32cubeide/plugins/com.st.stm32cube.ide.mcu.externaltools.gnu-tools-for-stm32.10.3-2021.10.win32_1.0.0.202111181127/tools/bin/../lib/gcc/arm-none-eabi/10.3.1/thumb/v6-m/nofp/crtbegin.o
                0x0000000020000098                . = ALIGN (0x4)

.bss            0x0000000020000098      0x1cc load address 0x000000000800691c
                0x0000000020000098                _sbss = .
                0x0000000020000098                __bss_start__ = _sbss
 *(.bss)
 .bss           0x0000000020000098       0x1c c:/st/stm32cubeide_1.8.0/stm32cubeide/plugins/com.st.stm32cube.ide.mcu.externaltools.gnu-tools-for-stm32.10.3-2021.10.win32_1.0.0.202111181127/tools/bin/../lib/gcc/arm-none-eabi/10.3.1/thumb/v6-m/nofp/crtbegin.o
 *(.bss*)
 .bss.hcrc      0x00000000200000b4       0x24 ./Core/Src/main.o
                0x00000000200000b4                hcrc
 .bss.hi2c1     0x00000000200000d8       0x54 ./Core/Src/main.o
                0x00000000200000d8                hi2c1
 .bss.htim3     0x000000002000012c       0x4c ./Core/Src/main.o
                0x000000002000012c                htim3
 .bss.htim16    0x0000000020000178       0x4c ./Core/Src/main.o
                0x0000000020000178                htim16
 .bss.htim17    0x00000000200001c4       0x4c ./Core/Src/main.o
                0x00000000200001c4                htim17
 .bss.configuration
                0x0000000020000210       0x10 ./Core/Src/main.o
                0x0000000020000210                configuration
 .bss.TOF_Ready
                0x0000000020000220        0x1 ./Core/Src/main.o
                0x0000000020000220                TOF_Ready
 .bss.curLightLevel
                0x0000000020000221        0x1 ./Core/Src/main.o
                0x0000000020000221                curLightLevel
 .bss.curDist   0x0000000020000222        0x2 ./Core/Src/main.o
                0x0000000020000222                curDist
 .bss.btn_ticks
                0x0000000020000224        0x2 ./Core/Src/main.o
                0x0000000020000224                btn_ticks
 .bss.startConfig
                0x0000000020000226        0x1 ./Core/Src/main.o
                0x0000000020000226                startConfig
 .bss.manualOn  0x0000000020000227        0x1 ./Core/Src/main.o
                0x0000000020000227                manualOn
 .bss.EraseInitStruct.0
                0x0000000020000228       0x10 ./Core/Src/main.o
 .bss.uwTick    0x0000000020000238        0x4 ./Drivers/STM32G0xx_HAL_Driver/Src/stm32g0xx_hal.o
                0x0000000020000238                uwTick
 .bss.pFlash    0x000000002000023c       0x1c ./Drivers/STM32G0xx_HAL_Driver/Src/stm32g0xx_hal_flash.o
                0x000000002000023c                pFlash
 .bss.g_ioTimeout
                0x0000000020000258        0x2 ./Drivers/vl53l0x/VL53L0X.o
                0x0000000020000258                g_ioTimeout
 .bss.g_isTimeout
                0x000000002000025a        0x1 ./Drivers/vl53l0x/VL53L0X.o
                0x000000002000025a                g_isTimeout
 *fill*         0x000000002000025b        0x1 
 .bss.g_timeoutStartMs
                0x000000002000025c        0x2 ./Drivers/vl53l0x/VL53L0X.o
                0x000000002000025c                g_timeoutStartMs
 .bss.g_stopVariable
                0x000000002000025e        0x1 ./Drivers/vl53l0x/VL53L0X.o
                0x000000002000025e                g_stopVariable
 *fill*         0x000000002000025f        0x1 
 .bss.g_measTimBudUs
                0x0000000020000260        0x4 ./Drivers/vl53l0x/VL53L0X.o
                0x0000000020000260                g_measTimBudUs
 *(COMMON)
                0x0000000020000264                . = ALIGN (0x4)
                0x0000000020000264                _ebss = .
                0x0000000020000264                __bss_end__ = _ebss

._user_heap_stack
                0x0000000020000264      0x604 load address 0x000000000800691c
                0x0000000020000268                . = ALIGN (0x8)
 *fill*         0x0000000020000264        0x4 
                [!provide]                        PROVIDE (end = .)
                0x0000000020000268                PROVIDE (_end = .)
                0x0000000020000468                . = (. + _Min_Heap_Size)
 *fill*         0x0000000020000268      0x200 
                0x0000000020000868                . = (. + _Min_Stack_Size)
 *fill*         0x0000000020000468      0x400 
                0x0000000020000868                . = ALIGN (0x8)

/DISCARD/
 libc.a(*)
 libm.a(*)
 libgcc.a(*)

.ARM.attributes
                0x0000000000000000       0x28
 *(.ARM.attributes)
 .ARM.attributes
                0x0000000000000000       0x1e c:/st/stm32cubeide_1.8.0/stm32cubeide/plugins/com.st.stm32cube.ide.mcu.externaltools.gnu-tools-for-stm32.10.3-2021.10.win32_1.0.0.202111181127/tools/bin/../lib/gcc/arm-none-eabi/10.3.1/thumb/v6-m/nofp/crti.o
 .ARM.attributes
                0x000000000000001e       0x2c c:/st/stm32cubeide_1.8.0/stm32cubeide/plugins/com.st.stm32cube.ide.mcu.externaltools.gnu-tools-for-stm32.10.3-2021.10.win32_1.0.0.202111181127/tools/bin/../lib/gcc/arm-none-eabi/10.3.1/thumb/v6-m/nofp/crtbegin.o
 .ARM.attributes
                0x000000000000004a       0x2c ./Core/Src/main.o
 .ARM.attributes
                0x0000000000000076       0x2c ./Core/Src/stm32g0xx_hal_msp.o
 .ARM.attributes
                0x00000000000000a2       0x2c ./Core/Src/stm32g0xx_it.o
 .ARM.attributes
                0x00000000000000ce       0x2c ./Core/Src/system_stm32g0xx.o
 .ARM.attributes
                0x00000000000000fa       0x22 ./Core/Startup/startup_stm32g031g8ux.o
 .ARM.attributes
                0x000000000000011c       0x2c ./Drivers/STM32G0xx_HAL_Driver/Src/stm32g0xx_hal.o
 .ARM.attributes
                0x0000000000000148       0x2c ./Drivers/STM32G0xx_HAL_Driver/Src/stm32g0xx_hal_cortex.o
 .ARM.attributes
                0x0000000000000174       0x2c ./Drivers/STM32G0xx_HAL_Driver/Src/stm32g0xx_hal_crc.o
 .ARM.attributes
                0x00000000000001a0       0x2c ./Drivers/STM32G0xx_HAL_Driver/Src/stm32g0xx_hal_crc_ex.o
 .ARM.attributes
                0x00000000000001cc       0x2c ./Drivers/STM32G0xx_HAL_Driver/Src/stm32g0xx_hal_flash.o
 .ARM.attributes
                0x00000000000001f8       0x2c ./Drivers/STM32G0xx_HAL_Driver/Src/stm32g0xx_hal_flash_ex.o
 .ARM.attributes
                0x0000000000000224       0x2c ./Drivers/STM32G0xx_HAL_Driver/Src/stm32g0xx_hal_gpio.o
 .ARM.attributes
                0x0000000000000250       0x2c ./Drivers/STM32G0xx_HAL_Driver/Src/stm32g0xx_hal_i2c.o
 .ARM.attributes
                0x000000000000027c       0x2c ./Drivers/STM32G0xx_HAL_Driver/Src/stm32g0xx_hal_i2c_ex.o
 .ARM.attributes
                0x00000000000002a8       0x2c ./Drivers/STM32G0xx_HAL_Driver/Src/stm32g0xx_hal_pwr_ex.o
 .ARM.attributes
                0x00000000000002d4       0x2c ./Drivers/STM32G0xx_HAL_Driver/Src/stm32g0xx_hal_rcc.o
 .ARM.attributes
                0x0000000000000300       0x2c ./Drivers/STM32G0xx_HAL_Driver/Src/stm32g0xx_hal_rcc_ex.o
 .ARM.attributes
                0x000000000000032c       0x2c ./Drivers/STM32G0xx_HAL_Driver/Src/stm32g0xx_hal_tim.o
 .ARM.attributes
                0x0000000000000358       0x2c ./Drivers/STM32G0xx_HAL_Driver/Src/stm32g0xx_hal_tim_ex.o
 .ARM.attributes
                0x0000000000000384       0x2c ./Drivers/vl53l0x/VL53L0X.o
 .ARM.attributes
                0x00000000000003b0       0x2c c:/st/stm32cubeide_1.8.0/stm32cubeide/plugins/com.st.stm32cube.ide.mcu.externaltools.gnu-tools-for-stm32.10.3-2021.10.win32_1.0.0.202111181127/tools/bin/../lib/gcc/arm-none-eabi/10.3.1/../../../../arm-none-eabi/lib/thumb/v6-m/nofp\libc_nano.a(lib_a-init.o)
 .ARM.attributes
                0x00000000000003dc       0x2c c:/st/stm32cubeide_1.8.0/stm32cubeide/plugins/com.st.stm32cube.ide.mcu.externaltools.gnu-tools-for-stm32.10.3-2021.10.win32_1.0.0.202111181127/tools/bin/../lib/gcc/arm-none-eabi/10.3.1/../../../../arm-none-eabi/lib/thumb/v6-m/nofp\libc_nano.a(lib_a-memset.o)
 .ARM.attributes
                0x0000000000000408       0x1e c:/st/stm32cubeide_1.8.0/stm32cubeide/plugins/com.st.stm32cube.ide.mcu.externaltools.gnu-tools-for-stm32.10.3-2021.10.win32_1.0.0.202111181127/tools/bin/../lib/gcc/arm-none-eabi/10.3.1/thumb/v6-m/nofp\libgcc.a(_udivsi3.o)
 .ARM.attributes
                0x0000000000000426       0x1e c:/st/stm32cubeide_1.8.0/stm32cubeide/plugins/com.st.stm32cube.ide.mcu.externaltools.gnu-tools-for-stm32.10.3-2021.10.win32_1.0.0.202111181127/tools/bin/../lib/gcc/arm-none-eabi/10.3.1/thumb/v6-m/nofp\libgcc.a(_divsi3.o)
 .ARM.attributes
                0x0000000000000444       0x1e c:/st/stm32cubeide_1.8.0/stm32cubeide/plugins/com.st.stm32cube.ide.mcu.externaltools.gnu-tools-for-stm32.10.3-2021.10.win32_1.0.0.202111181127/tools/bin/../lib/gcc/arm-none-eabi/10.3.1/thumb/v6-m/nofp\libgcc.a(_dvmd_tls.o)
 .ARM.attributes
                0x0000000000000462       0x1e c:/st/stm32cubeide_1.8.0/stm32cubeide/plugins/com.st.stm32cube.ide.mcu.externaltools.gnu-tools-for-stm32.10.3-2021.10.win32_1.0.0.202111181127/tools/bin/../lib/gcc/arm-none-eabi/10.3.1/thumb/v6-m/nofp\libgcc.a(_arm_cmpdf2.o)
 .ARM.attributes
                0x0000000000000480       0x1e c:/st/stm32cubeide_1.8.0/stm32cubeide/plugins/com.st.stm32cube.ide.mcu.externaltools.gnu-tools-for-stm32.10.3-2021.10.win32_1.0.0.202111181127/tools/bin/../lib/gcc/arm-none-eabi/10.3.1/thumb/v6-m/nofp\libgcc.a(_arm_cmpsf2.o)
 .ARM.attributes
                0x000000000000049e       0x2c c:/st/stm32cubeide_1.8.0/stm32cubeide/plugins/com.st.stm32cube.ide.mcu.externaltools.gnu-tools-for-stm32.10.3-2021.10.win32_1.0.0.202111181127/tools/bin/../lib/gcc/arm-none-eabi/10.3.1/thumb/v6-m/nofp\libgcc.a(_fixunssfsi.o)
 .ARM.attributes
                0x00000000000004ca       0x2c c:/st/stm32cubeide_1.8.0/stm32cubeide/plugins/com.st.stm32cube.ide.mcu.externaltools.gnu-tools-for-stm32.10.3-2021.10.win32_1.0.0.202111181127/tools/bin/../lib/gcc/arm-none-eabi/10.3.1/thumb/v6-m/nofp\libgcc.a(eqsf2.o)
 .ARM.attributes
                0x00000000000004f6       0x2c c:/st/stm32cubeide_1.8.0/stm32cubeide/plugins/com.st.stm32cube.ide.mcu.externaltools.gnu-tools-for-stm32.10.3-2021.10.win32_1.0.0.202111181127/tools/bin/../lib/gcc/arm-none-eabi/10.3.1/thumb/v6-m/nofp\libgcc.a(gesf2.o)
 .ARM.attributes
                0x0000000000000522       0x2c c:/st/stm32cubeide_1.8.0/stm32cubeide/plugins/com.st.stm32cube.ide.mcu.externaltools.gnu-tools-for-stm32.10.3-2021.10.win32_1.0.0.202111181127/tools/bin/../lib/gcc/arm-none-eabi/10.3.1/thumb/v6-m/nofp\libgcc.a(lesf2.o)
 .ARM.attributes
                0x000000000000054e       0x2c c:/st/stm32cubeide_1.8.0/stm32cubeide/plugins/com.st.stm32cube.ide.mcu.externaltools.gnu-tools-for-stm32.10.3-2021.10.win32_1.0.0.202111181127/tools/bin/../lib/gcc/arm-none-eabi/10.3.1/thumb/v6-m/nofp\libgcc.a(mulsf3.o)
 .ARM.attributes
                0x000000000000057a       0x2c c:/st/stm32cubeide_1.8.0/stm32cubeide/plugins/com.st.stm32cube.ide.mcu.externaltools.gnu-tools-for-stm32.10.3-2021.10.win32_1.0.0.202111181127/tools/bin/../lib/gcc/arm-none-eabi/10.3.1/thumb/v6-m/nofp\libgcc.a(subsf3.o)
 .ARM.attributes
                0x00000000000005a6       0x2c c:/st/stm32cubeide_1.8.0/stm32cubeide/plugins/com.st.stm32cube.ide.mcu.externaltools.gnu-tools-for-stm32.10.3-2021.10.win32_1.0.0.202111181127/tools/bin/../lib/gcc/arm-none-eabi/10.3.1/thumb/v6-m/nofp\libgcc.a(fixsfsi.o)
 .ARM.attributes
                0x00000000000005d2       0x2c c:/st/stm32cubeide_1.8.0/stm32cubeide/plugins/com.st.stm32cube.ide.mcu.externaltools.gnu-tools-for-stm32.10.3-2021.10.win32_1.0.0.202111181127/tools/bin/../lib/gcc/arm-none-eabi/10.3.1/thumb/v6-m/nofp\libgcc.a(eqdf2.o)
 .ARM.attributes
                0x00000000000005fe       0x2c c:/st/stm32cubeide_1.8.0/stm32cubeide/plugins/com.st.stm32cube.ide.mcu.externaltools.gnu-tools-for-stm32.10.3-2021.10.win32_1.0.0.202111181127/tools/bin/../lib/gcc/arm-none-eabi/10.3.1/thumb/v6-m/nofp\libgcc.a(gedf2.o)
 .ARM.attributes
                0x000000000000062a       0x2c c:/st/stm32cubeide_1.8.0/stm32cubeide/plugins/com.st.stm32cube.ide.mcu.externaltools.gnu-tools-for-stm32.10.3-2021.10.win32_1.0.0.202111181127/tools/bin/../lib/gcc/arm-none-eabi/10.3.1/thumb/v6-m/nofp\libgcc.a(ledf2.o)
 .ARM.attributes
                0x0000000000000656       0x2c c:/st/stm32cubeide_1.8.0/stm32cubeide/plugins/com.st.stm32cube.ide.mcu.externaltools.gnu-tools-for-stm32.10.3-2021.10.win32_1.0.0.202111181127/tools/bin/../lib/gcc/arm-none-eabi/10.3.1/thumb/v6-m/nofp\libgcc.a(extendsfdf2.o)
 .ARM.attributes
                0x0000000000000682       0x1e c:/st/stm32cubeide_1.8.0/stm32cubeide/plugins/com.st.stm32cube.ide.mcu.externaltools.gnu-tools-for-stm32.10.3-2021.10.win32_1.0.0.202111181127/tools/bin/../lib/gcc/arm-none-eabi/10.3.1/thumb/v6-m/nofp\libgcc.a(_clzsi2.o)
 .ARM.attributes
                0x00000000000006a0       0x1e c:/st/stm32cubeide_1.8.0/stm32cubeide/plugins/com.st.stm32cube.ide.mcu.externaltools.gnu-tools-for-stm32.10.3-2021.10.win32_1.0.0.202111181127/tools/bin/../lib/gcc/arm-none-eabi/10.3.1/thumb/v6-m/nofp/crtn.o
OUTPUT(DiLight.elf elf32-littlearm)
LOAD linker stubs
LOAD c:/st/stm32cubeide_1.8.0/stm32cubeide/plugins/com.st.stm32cube.ide.mcu.externaltools.gnu-tools-for-stm32.10.3-2021.10.win32_1.0.0.202111181127/tools/bin/../lib/gcc/arm-none-eabi/10.3.1/../../../../arm-none-eabi/lib/thumb/v6-m/nofp\libc.a
LOAD c:/st/stm32cubeide_1.8.0/stm32cubeide/plugins/com.st.stm32cube.ide.mcu.externaltools.gnu-tools-for-stm32.10.3-2021.10.win32_1.0.0.202111181127/tools/bin/../lib/gcc/arm-none-eabi/10.3.1/../../../../arm-none-eabi/lib/thumb/v6-m/nofp\libm.a
LOAD c:/st/stm32cubeide_1.8.0/stm32cubeide/plugins/com.st.stm32cube.ide.mcu.externaltools.gnu-tools-for-stm32.10.3-2021.10.win32_1.0.0.202111181127/tools/bin/../lib/gcc/arm-none-eabi/10.3.1/thumb/v6-m/nofp\libgcc.a

.debug_info     0x0000000000000000    0x112c0
 .debug_info    0x0000000000000000     0x1b63 ./Core/Src/main.o
 .debug_info    0x0000000000001b63     0x1336 ./Core/Src/stm32g0xx_hal_msp.o
 .debug_info    0x0000000000002e99      0x89a ./Core/Src/stm32g0xx_it.o
 .debug_info    0x0000000000003733      0x34d ./Core/Src/system_stm32g0xx.o
 .debug_info    0x0000000000003a80       0x22 ./Core/Startup/startup_stm32g031g8ux.o
 .debug_info    0x0000000000003aa2      0xa94 ./Drivers/STM32G0xx_HAL_Driver/Src/stm32g0xx_hal.o
 .debug_info    0x0000000000004536      0x8fb ./Drivers/STM32G0xx_HAL_Driver/Src/stm32g0xx_hal_cortex.o
 .debug_info    0x0000000000004e31      0x57f ./Drivers/STM32G0xx_HAL_Driver/Src/stm32g0xx_hal_crc.o
 .debug_info    0x00000000000053b0      0x37a ./Drivers/STM32G0xx_HAL_Driver/Src/stm32g0xx_hal_crc_ex.o
 .debug_info    0x000000000000572a      0x6c0 ./Drivers/STM32G0xx_HAL_Driver/Src/stm32g0xx_hal_flash.o
 .debug_info    0x0000000000005dea      0x99c ./Drivers/STM32G0xx_HAL_Driver/Src/stm32g0xx_hal_flash_ex.o
 .debug_info    0x0000000000006786      0x5d7 ./Drivers/STM32G0xx_HAL_Driver/Src/stm32g0xx_hal_gpio.o
 .debug_info    0x0000000000006d5d     0x235d ./Drivers/STM32G0xx_HAL_Driver/Src/stm32g0xx_hal_i2c.o
 .debug_info    0x00000000000090ba      0xa7f ./Drivers/STM32G0xx_HAL_Driver/Src/stm32g0xx_hal_i2c_ex.o
 .debug_info    0x0000000000009b39      0x7b9 ./Drivers/STM32G0xx_HAL_Driver/Src/stm32g0xx_hal_pwr_ex.o
 .debug_info    0x000000000000a2f2      0xb63 ./Drivers/STM32G0xx_HAL_Driver/Src/stm32g0xx_hal_rcc.o
 .debug_info    0x000000000000ae55      0x804 ./Drivers/STM32G0xx_HAL_Driver/Src/stm32g0xx_hal_rcc_ex.o
 .debug_info    0x000000000000b659     0x2e15 ./Drivers/STM32G0xx_HAL_Driver/Src/stm32g0xx_hal_tim.o
 .debug_info    0x000000000000e46e     0x1a19 ./Drivers/STM32G0xx_HAL_Driver/Src/stm32g0xx_hal_tim_ex.o
 .debug_info    0x000000000000fe87     0x1439 ./Drivers/vl53l0x/VL53L0X.o

.debug_abbrev   0x0000000000000000     0x2b9b
 .debug_abbrev  0x0000000000000000      0x34a ./Core/Src/main.o
 .debug_abbrev  0x000000000000034a      0x25b ./Core/Src/stm32g0xx_hal_msp.o
 .debug_abbrev  0x00000000000005a5      0x1ad ./Core/Src/stm32g0xx_it.o
 .debug_abbrev  0x0000000000000752      0x116 ./Core/Src/system_stm32g0xx.o
 .debug_abbrev  0x0000000000000868       0x12 ./Core/Startup/startup_stm32g031g8ux.o
 .debug_abbrev  0x000000000000087a      0x2a9 ./Drivers/STM32G0xx_HAL_Driver/Src/stm32g0xx_hal.o
 .debug_abbrev  0x0000000000000b23      0x29f ./Drivers/STM32G0xx_HAL_Driver/Src/stm32g0xx_hal_cortex.o
 .debug_abbrev  0x0000000000000dc2      0x1d3 ./Drivers/STM32G0xx_HAL_Driver/Src/stm32g0xx_hal_crc.o
 .debug_abbrev  0x0000000000000f95      0x130 ./Drivers/STM32G0xx_HAL_Driver/Src/stm32g0xx_hal_crc_ex.o
 .debug_abbrev  0x00000000000010c5      0x2e8 ./Drivers/STM32G0xx_HAL_Driver/Src/stm32g0xx_hal_flash.o
 .debug_abbrev  0x00000000000013ad      0x254 ./Drivers/STM32G0xx_HAL_Driver/Src/stm32g0xx_hal_flash_ex.o
 .debug_abbrev  0x0000000000001601      0x1b9 ./Drivers/STM32G0xx_HAL_Driver/Src/stm32g0xx_hal_gpio.o
 .debug_abbrev  0x00000000000017ba      0x27e ./Drivers/STM32G0xx_HAL_Driver/Src/stm32g0xx_hal_i2c.o
 .debug_abbrev  0x0000000000001a38      0x1d7 ./Drivers/STM32G0xx_HAL_Driver/Src/stm32g0xx_hal_i2c_ex.o
 .debug_abbrev  0x0000000000001c0f      0x232 ./Drivers/STM32G0xx_HAL_Driver/Src/stm32g0xx_hal_pwr_ex.o
 .debug_abbrev  0x0000000000001e41      0x2a3 ./Drivers/STM32G0xx_HAL_Driver/Src/stm32g0xx_hal_rcc.o
 .debug_abbrev  0x00000000000020e4      0x21a ./Drivers/STM32G0xx_HAL_Driver/Src/stm32g0xx_hal_rcc_ex.o
 .debug_abbrev  0x00000000000022fe      0x286 ./Drivers/STM32G0xx_HAL_Driver/Src/stm32g0xx_hal_tim.o
 .debug_abbrev  0x0000000000002584      0x292 ./Drivers/STM32G0xx_HAL_Driver/Src/stm32g0xx_hal_tim_ex.o
 .debug_abbrev  0x0000000000002816      0x385 ./Drivers/vl53l0x/VL53L0X.o

.debug_aranges  0x0000000000000000     0x1138
 .debug_aranges
                0x0000000000000000       0xa0 ./Core/Src/main.o
 .debug_aranges
                0x00000000000000a0       0x58 ./Core/Src/stm32g0xx_hal_msp.o
 .debug_aranges
                0x00000000000000f8       0x60 ./Core/Src/stm32g0xx_it.o
 .debug_aranges
                0x0000000000000158       0x28 ./Core/Src/system_stm32g0xx.o
 .debug_aranges
                0x0000000000000180       0x28 ./Core/Startup/startup_stm32g031g8ux.o
 .debug_aranges
                0x00000000000001a8      0x128 ./Drivers/STM32G0xx_HAL_Driver/Src/stm32g0xx_hal.o
 .debug_aranges
                0x00000000000002d0       0xd8 ./Drivers/STM32G0xx_HAL_Driver/Src/stm32g0xx_hal_cortex.o
 .debug_aranges
                0x00000000000003a8       0x60 ./Drivers/STM32G0xx_HAL_Driver/Src/stm32g0xx_hal_crc.o
 .debug_aranges
                0x0000000000000408       0x30 ./Drivers/STM32G0xx_HAL_Driver/Src/stm32g0xx_hal_crc_ex.o
 .debug_aranges
                0x0000000000000438       0x88 ./Drivers/STM32G0xx_HAL_Driver/Src/stm32g0xx_hal_flash.o
 .debug_aranges
                0x00000000000004c0       0xd0 ./Drivers/STM32G0xx_HAL_Driver/Src/stm32g0xx_hal_flash_ex.o
 .debug_aranges
                0x0000000000000590       0x60 ./Drivers/STM32G0xx_HAL_Driver/Src/stm32g0xx_hal_gpio.o
 .debug_aranges
                0x00000000000005f0      0x2a0 ./Drivers/STM32G0xx_HAL_Driver/Src/stm32g0xx_hal_i2c.o
 .debug_aranges
                0x0000000000000890       0x48 ./Drivers/STM32G0xx_HAL_Driver/Src/stm32g0xx_hal_i2c_ex.o
 .debug_aranges
                0x00000000000008d8       0xf0 ./Drivers/STM32G0xx_HAL_Driver/Src/stm32g0xx_hal_pwr_ex.o
 .debug_aranges
                0x00000000000009c8       0xa0 ./Drivers/STM32G0xx_HAL_Driver/Src/stm32g0xx_hal_rcc.o
 .debug_aranges
                0x0000000000000a68       0x40 ./Drivers/STM32G0xx_HAL_Driver/Src/stm32g0xx_hal_rcc_ex.o
 .debug_aranges
                0x0000000000000aa8      0x3e0 ./Drivers/STM32G0xx_HAL_Driver/Src/stm32g0xx_hal_tim.o
 .debug_aranges
                0x0000000000000e88      0x198 ./Drivers/STM32G0xx_HAL_Driver/Src/stm32g0xx_hal_tim_ex.o
 .debug_aranges
                0x0000000000001020      0x118 ./Drivers/vl53l0x/VL53L0X.o

.debug_ranges   0x0000000000000000     0x1000
 .debug_ranges  0x0000000000000000       0x90 ./Core/Src/main.o
 .debug_ranges  0x0000000000000090       0x48 ./Core/Src/stm32g0xx_hal_msp.o
 .debug_ranges  0x00000000000000d8       0x50 ./Core/Src/stm32g0xx_it.o
 .debug_ranges  0x0000000000000128       0x18 ./Core/Src/system_stm32g0xx.o
 .debug_ranges  0x0000000000000140       0x20 ./Core/Startup/startup_stm32g031g8ux.o
 .debug_ranges  0x0000000000000160      0x118 ./Drivers/STM32G0xx_HAL_Driver/Src/stm32g0xx_hal.o
 .debug_ranges  0x0000000000000278       0xc8 ./Drivers/STM32G0xx_HAL_Driver/Src/stm32g0xx_hal_cortex.o
 .debug_ranges  0x0000000000000340       0x50 ./Drivers/STM32G0xx_HAL_Driver/Src/stm32g0xx_hal_crc.o
 .debug_ranges  0x0000000000000390       0x20 ./Drivers/STM32G0xx_HAL_Driver/Src/stm32g0xx_hal_crc_ex.o
 .debug_ranges  0x00000000000003b0       0x78 ./Drivers/STM32G0xx_HAL_Driver/Src/stm32g0xx_hal_flash.o
 .debug_ranges  0x0000000000000428       0xc0 ./Drivers/STM32G0xx_HAL_Driver/Src/stm32g0xx_hal_flash_ex.o
 .debug_ranges  0x00000000000004e8       0x50 ./Drivers/STM32G0xx_HAL_Driver/Src/stm32g0xx_hal_gpio.o
 .debug_ranges  0x0000000000000538      0x290 ./Drivers/STM32G0xx_HAL_Driver/Src/stm32g0xx_hal_i2c.o
 .debug_ranges  0x00000000000007c8       0x38 ./Drivers/STM32G0xx_HAL_Driver/Src/stm32g0xx_hal_i2c_ex.o
 .debug_ranges  0x0000000000000800       0xe0 ./Drivers/STM32G0xx_HAL_Driver/Src/stm32g0xx_hal_pwr_ex.o
 .debug_ranges  0x00000000000008e0       0x90 ./Drivers/STM32G0xx_HAL_Driver/Src/stm32g0xx_hal_rcc.o
 .debug_ranges  0x0000000000000970       0x30 ./Drivers/STM32G0xx_HAL_Driver/Src/stm32g0xx_hal_rcc_ex.o
 .debug_ranges  0x00000000000009a0      0x3d0 ./Drivers/STM32G0xx_HAL_Driver/Src/stm32g0xx_hal_tim.o
 .debug_ranges  0x0000000000000d70      0x188 ./Drivers/STM32G0xx_HAL_Driver/Src/stm32g0xx_hal_tim_ex.o
 .debug_ranges  0x0000000000000ef8      0x108 ./Drivers/vl53l0x/VL53L0X.o

.debug_macro    0x0000000000000000    0x17358
 .debug_macro   0x0000000000000000      0x3c3 ./Core/Src/main.o
 .debug_macro   0x00000000000003c3      0xa4e ./Core/Src/main.o
 .debug_macro   0x0000000000000e11      0x123 ./Core/Src/main.o
 .debug_macro   0x0000000000000f34       0x2e ./Core/Src/main.o
 .debug_macro   0x0000000000000f62       0x28 ./Core/Src/main.o
 .debug_macro   0x0000000000000f8a       0x22 ./Core/Src/main.o
 .debug_macro   0x0000000000000fac       0x8e ./Core/Src/main.o
 .debug_macro   0x000000000000103a       0x51 ./Core/Src/main.o
 .debug_macro   0x000000000000108b      0x103 ./Core/Src/main.o
 .debug_macro   0x000000000000118e       0x6a ./Core/Src/main.o
 .debug_macro   0x00000000000011f8      0x1df ./Core/Src/main.o
 .debug_macro   0x00000000000013d7       0x1c ./Core/Src/main.o
 .debug_macro   0x00000000000013f3       0x22 ./Core/Src/main.o
 .debug_macro   0x0000000000001415       0xd1 ./Core/Src/main.o
 .debug_macro   0x00000000000014e6      0x4da ./Core/Src/main.o
 .debug_macro   0x00000000000019c0      0x11f ./Core/Src/main.o
 .debug_macro   0x0000000000001adf     0xac09 ./Core/Src/main.o
 .debug_macro   0x000000000000c6e8       0x66 ./Core/Src/main.o
 .debug_macro   0x000000000000c74e     0x34fd ./Core/Src/main.o
 .debug_macro   0x000000000000fc4b      0x174 ./Core/Src/main.o
 .debug_macro   0x000000000000fdbf       0x5c ./Core/Src/main.o
 .debug_macro   0x000000000000fe1b      0x53b ./Core/Src/main.o
 .debug_macro   0x0000000000010356      0xf23 ./Core/Src/main.o
 .debug_macro   0x0000000000011279      0x1d8 ./Core/Src/main.o
 .debug_macro   0x0000000000011451      0x1cf ./Core/Src/main.o
 .debug_macro   0x0000000000011620      0x122 ./Core/Src/main.o
 .debug_macro   0x0000000000011742      0x390 ./Core/Src/main.o
 .debug_macro   0x0000000000011ad2      0x202 ./Core/Src/main.o
 .debug_macro   0x0000000000011cd4      0x2ff ./Core/Src/main.o
 .debug_macro   0x0000000000011fd3      0x1b2 ./Core/Src/main.o
 .debug_macro   0x0000000000012185       0x43 ./Core/Src/main.o
 .debug_macro   0x00000000000121c8      0x1f1 ./Core/Src/main.o
 .debug_macro   0x00000000000123b9       0xc7 ./Core/Src/main.o
 .debug_macro   0x0000000000012480       0x4c ./Core/Src/main.o
 .debug_macro   0x00000000000124cc      0x1d6 ./Core/Src/main.o
 .debug_macro   0x00000000000126a2      0x38a ./Core/Src/main.o
 .debug_macro   0x0000000000012a2c       0x28 ./Core/Src/main.o
 .debug_macro   0x0000000000012a54       0xe4 ./Core/Src/main.o
 .debug_macro   0x0000000000012b38      0x22c ./Core/Src/main.o
 .debug_macro   0x0000000000012d64       0x67 ./Core/Src/main.o
 .debug_macro   0x0000000000012dcb       0xa5 ./Core/Src/main.o
 .debug_macro   0x0000000000012e70      0x10c ./Core/Src/main.o
 .debug_macro   0x0000000000012f7c      0x240 ./Core/Src/main.o
 .debug_macro   0x00000000000131bc      0xabb ./Core/Src/main.o
 .debug_macro   0x0000000000013c77      0x135 ./Core/Src/main.o
 .debug_macro   0x0000000000013dac      0x49d ./Core/Src/main.o
 .debug_macro   0x0000000000014249       0x4c ./Core/Src/main.o
 .debug_macro   0x0000000000014295       0x52 ./Core/Src/main.o
 .debug_macro   0x00000000000142e7       0x18 ./Core/Src/main.o
 .debug_macro   0x00000000000142ff       0x3c ./Core/Src/main.o
 .debug_macro   0x000000000001433b       0x34 ./Core/Src/main.o
 .debug_macro   0x000000000001436f       0x16 ./Core/Src/main.o
 .debug_macro   0x0000000000014385       0x43 ./Core/Src/main.o
 .debug_macro   0x00000000000143c8       0x34 ./Core/Src/main.o
 .debug_macro   0x00000000000143fc       0x10 ./Core/Src/main.o
 .debug_macro   0x000000000001440c       0x58 ./Core/Src/main.o
 .debug_macro   0x0000000000014464       0x71 ./Core/Src/main.o
 .debug_macro   0x00000000000144d5       0x1c ./Core/Src/main.o
 .debug_macro   0x00000000000144f1      0x12a ./Core/Src/main.o
 .debug_macro   0x000000000001461b      0x341 ./Core/Src/main.o
 .debug_macro   0x000000000001495c       0x10 ./Core/Src/main.o
 .debug_macro   0x000000000001496c       0x35 ./Core/Src/main.o
 .debug_macro   0x00000000000149a1       0x20 ./Core/Src/main.o
 .debug_macro   0x00000000000149c1       0x1c ./Core/Src/main.o
 .debug_macro   0x00000000000149dd       0x10 ./Core/Src/main.o
 .debug_macro   0x00000000000149ed       0x10 ./Core/Src/main.o
 .debug_macro   0x00000000000149fd       0x1c ./Core/Src/main.o
 .debug_macro   0x0000000000014a19       0x52 ./Core/Src/main.o
 .debug_macro   0x0000000000014a6b       0x22 ./Core/Src/main.o
 .debug_macro   0x0000000000014a8d       0x10 ./Core/Src/main.o
 .debug_macro   0x0000000000014a9d       0x52 ./Core/Src/main.o
 .debug_macro   0x0000000000014aef       0xd5 ./Core/Src/main.o
 .debug_macro   0x0000000000014bc4       0x1c ./Core/Src/main.o
 .debug_macro   0x0000000000014be0       0x3d ./Core/Src/main.o
 .debug_macro   0x0000000000014c1d       0x16 ./Core/Src/main.o
 .debug_macro   0x0000000000014c33      0x145 ./Core/Src/main.o
 .debug_macro   0x0000000000014d78       0x5e ./Core/Src/main.o
 .debug_macro   0x0000000000014dd6      0x207 ./Core/Src/stm32g0xx_hal_msp.o
 .debug_macro   0x0000000000014fdd      0x211 ./Core/Src/stm32g0xx_it.o
 .debug_macro   0x00000000000151ee      0x1f8 ./Core/Src/system_stm32g0xx.o
 .debug_macro   0x00000000000153e6      0x21c ./Drivers/STM32G0xx_HAL_Driver/Src/stm32g0xx_hal.o
 .debug_macro   0x0000000000015602      0x1f8 ./Drivers/STM32G0xx_HAL_Driver/Src/stm32g0xx_hal_cortex.o
 .debug_macro   0x00000000000157fa      0x1f8 ./Drivers/STM32G0xx_HAL_Driver/Src/stm32g0xx_hal_crc.o
 .debug_macro   0x00000000000159f2      0x1f8 ./Drivers/STM32G0xx_HAL_Driver/Src/stm32g0xx_hal_crc_ex.o
 .debug_macro   0x0000000000015bea      0x1f8 ./Drivers/STM32G0xx_HAL_Driver/Src/stm32g0xx_hal_flash.o
 .debug_macro   0x0000000000015de2      0x1f8 ./Drivers/STM32G0xx_HAL_Driver/Src/stm32g0xx_hal_flash_ex.o
 .debug_macro   0x0000000000015fda      0x1ff ./Drivers/STM32G0xx_HAL_Driver/Src/stm32g0xx_hal_gpio.o
 .debug_macro   0x00000000000161d9      0x2c4 ./Drivers/STM32G0xx_HAL_Driver/Src/stm32g0xx_hal_i2c.o
 .debug_macro   0x000000000001649d      0x1f8 ./Drivers/STM32G0xx_HAL_Driver/Src/stm32g0xx_hal_i2c_ex.o
 .debug_macro   0x0000000000016695      0x222 ./Drivers/STM32G0xx_HAL_Driver/Src/stm32g0xx_hal_pwr_ex.o
 .debug_macro   0x00000000000168b7      0x234 ./Drivers/STM32G0xx_HAL_Driver/Src/stm32g0xx_hal_rcc.o
 .debug_macro   0x0000000000016aeb      0x210 ./Drivers/STM32G0xx_HAL_Driver/Src/stm32g0xx_hal_rcc_ex.o
 .debug_macro   0x0000000000016cfb      0x200 ./Drivers/STM32G0xx_HAL_Driver/Src/stm32g0xx_hal_tim.o
 .debug_macro   0x0000000000016efb      0x1fe ./Drivers/STM32G0xx_HAL_Driver/Src/stm32g0xx_hal_tim_ex.o
 .debug_macro   0x00000000000170f9      0x207 ./Drivers/vl53l0x/VL53L0X.o
 .debug_macro   0x0000000000017300       0x58 ./Drivers/vl53l0x/VL53L0X.o

.debug_line     0x0000000000000000    0x13e1a
 .debug_line    0x0000000000000000      0xe82 ./Core/Src/main.o
 .debug_line    0x0000000000000e82      0x870 ./Core/Src/stm32g0xx_hal_msp.o
 .debug_line    0x00000000000016f2      0x7ee ./Core/Src/stm32g0xx_it.o
 .debug_line    0x0000000000001ee0      0x79c ./Core/Src/system_stm32g0xx.o
 .debug_line    0x000000000000267c       0x89 ./Core/Startup/startup_stm32g031g8ux.o
 .debug_line    0x0000000000002705      0xaea ./Drivers/STM32G0xx_HAL_Driver/Src/stm32g0xx_hal.o
 .debug_line    0x00000000000031ef      0xb53 ./Drivers/STM32G0xx_HAL_Driver/Src/stm32g0xx_hal_cortex.o
 .debug_line    0x0000000000003d42      0xa6a ./Drivers/STM32G0xx_HAL_Driver/Src/stm32g0xx_hal_crc.o
 .debug_line    0x00000000000047ac      0x7de ./Drivers/STM32G0xx_HAL_Driver/Src/stm32g0xx_hal_crc_ex.o
 .debug_line    0x0000000000004f8a      0xa63 ./Drivers/STM32G0xx_HAL_Driver/Src/stm32g0xx_hal_flash.o
 .debug_line    0x00000000000059ed      0xc20 ./Drivers/STM32G0xx_HAL_Driver/Src/stm32g0xx_hal_flash_ex.o
 .debug_line    0x000000000000660d      0xb3f ./Drivers/STM32G0xx_HAL_Driver/Src/stm32g0xx_hal_gpio.o
 .debug_line    0x000000000000714c     0x36e5 ./Drivers/STM32G0xx_HAL_Driver/Src/stm32g0xx_hal_i2c.o
 .debug_line    0x000000000000a831      0x947 ./Drivers/STM32G0xx_HAL_Driver/Src/stm32g0xx_hal_i2c_ex.o
 .debug_line    0x000000000000b178      0xab7 ./Drivers/STM32G0xx_HAL_Driver/Src/stm32g0xx_hal_pwr_ex.o
 .debug_line    0x000000000000bc2f      0xefd ./Drivers/STM32G0xx_HAL_Driver/Src/stm32g0xx_hal_rcc.o
 .debug_line    0x000000000000cb2c      0xc1c ./Drivers/STM32G0xx_HAL_Driver/Src/stm32g0xx_hal_rcc_ex.o
 .debug_line    0x000000000000d748     0x3b62 ./Drivers/STM32G0xx_HAL_Driver/Src/stm32g0xx_hal_tim.o
 .debug_line    0x00000000000112aa     0x1c20 ./Drivers/STM32G0xx_HAL_Driver/Src/stm32g0xx_hal_tim_ex.o
 .debug_line    0x0000000000012eca      0xf50 ./Drivers/vl53l0x/VL53L0X.o

.debug_str      0x0000000000000000    0x9247c
 .debug_str     0x0000000000000000    0x8db78 ./Core/Src/main.o
                                      0x8e267 (size before relaxing)
 .debug_str     0x000000000008db78      0x1d7 ./Core/Src/stm32g0xx_hal_msp.o
                                      0x89c52 (size before relaxing)
 .debug_str     0x000000000008dd4f       0xf7 ./Core/Src/stm32g0xx_it.o
                                      0x8940e (size before relaxing)
 .debug_str     0x000000000008de46       0x8e ./Core/Src/system_stm32g0xx.o
                                      0x88d22 (size before relaxing)
 .debug_str     0x000000000008ded4       0x36 ./Core/Startup/startup_stm32g031g8ux.o
                                         0x64 (size before relaxing)
 .debug_str     0x000000000008df0a      0x56e ./Drivers/STM32G0xx_HAL_Driver/Src/stm32g0xx_hal.o
                                      0x894f8 (size before relaxing)
 .debug_str     0x000000000008e478      0x261 ./Drivers/STM32G0xx_HAL_Driver/Src/stm32g0xx_hal_cortex.o
                                      0x89174 (size before relaxing)
 .debug_str     0x000000000008e6d9       0xb1 ./Drivers/STM32G0xx_HAL_Driver/Src/stm32g0xx_hal_crc.o
                                      0x88ebb (size before relaxing)
 .debug_str     0x000000000008e78a       0x69 ./Drivers/STM32G0xx_HAL_Driver/Src/stm32g0xx_hal_crc_ex.o
                                      0x88e61 (size before relaxing)
 .debug_str     0x000000000008e7f3      0x1f4 ./Drivers/STM32G0xx_HAL_Driver/Src/stm32g0xx_hal_flash.o
                                      0x88f51 (size before relaxing)
 .debug_str     0x000000000008e9e7      0x365 ./Drivers/STM32G0xx_HAL_Driver/Src/stm32g0xx_hal_flash_ex.o
                                      0x890f6 (size before relaxing)
 .debug_str     0x000000000008ed4c       0xde ./Drivers/STM32G0xx_HAL_Driver/Src/stm32g0xx_hal_gpio.o
                                      0x88e57 (size before relaxing)
 .debug_str     0x000000000008ee2a      0xddf ./Drivers/STM32G0xx_HAL_Driver/Src/stm32g0xx_hal_i2c.o
                                      0x8a0f1 (size before relaxing)
 .debug_str     0x000000000008fc09       0xb8 ./Drivers/STM32G0xx_HAL_Driver/Src/stm32g0xx_hal_i2c_ex.o
                                      0x8938b (size before relaxing)
 .debug_str     0x000000000008fcc1      0x386 ./Drivers/STM32G0xx_HAL_Driver/Src/stm32g0xx_hal_pwr_ex.o
                                      0x8919b (size before relaxing)
 .debug_str     0x0000000000090047      0x345 ./Drivers/STM32G0xx_HAL_Driver/Src/stm32g0xx_hal_rcc.o
                                      0x89345 (size before relaxing)
 .debug_str     0x000000000009038c      0x185 ./Drivers/STM32G0xx_HAL_Driver/Src/stm32g0xx_hal_rcc_ex.o
                                      0x890b1 (size before relaxing)
 .debug_str     0x0000000000090511      0xd57 ./Drivers/STM32G0xx_HAL_Driver/Src/stm32g0xx_hal_tim.o
                                      0x8a254 (size before relaxing)
 .debug_str     0x0000000000091268      0x5f9 ./Drivers/STM32G0xx_HAL_Driver/Src/stm32g0xx_hal_tim_ex.o
                                      0x89bf2 (size before relaxing)
 .debug_str     0x0000000000091861      0xc1b ./Drivers/vl53l0x/VL53L0X.o
                                      0x8a15b (size before relaxing)

.comment        0x0000000000000000       0x50
 .comment       0x0000000000000000       0x50 ./Core/Src/main.o
                                         0x51 (size before relaxing)
 .comment       0x0000000000000050       0x51 ./Core/Src/stm32g0xx_hal_msp.o
 .comment       0x0000000000000050       0x51 ./Core/Src/stm32g0xx_it.o
 .comment       0x0000000000000050       0x51 ./Core/Src/system_stm32g0xx.o
 .comment       0x0000000000000050       0x51 ./Drivers/STM32G0xx_HAL_Driver/Src/stm32g0xx_hal.o
 .comment       0x0000000000000050       0x51 ./Drivers/STM32G0xx_HAL_Driver/Src/stm32g0xx_hal_cortex.o
 .comment       0x0000000000000050       0x51 ./Drivers/STM32G0xx_HAL_Driver/Src/stm32g0xx_hal_crc.o
 .comment       0x0000000000000050       0x51 ./Drivers/STM32G0xx_HAL_Driver/Src/stm32g0xx_hal_crc_ex.o
 .comment       0x0000000000000050       0x51 ./Drivers/STM32G0xx_HAL_Driver/Src/stm32g0xx_hal_flash.o
 .comment       0x0000000000000050       0x51 ./Drivers/STM32G0xx_HAL_Driver/Src/stm32g0xx_hal_flash_ex.o
 .comment       0x0000000000000050       0x51 ./Drivers/STM32G0xx_HAL_Driver/Src/stm32g0xx_hal_gpio.o
 .comment       0x0000000000000050       0x51 ./Drivers/STM32G0xx_HAL_Driver/Src/stm32g0xx_hal_i2c.o
 .comment       0x0000000000000050       0x51 ./Drivers/STM32G0xx_HAL_Driver/Src/stm32g0xx_hal_i2c_ex.o
 .comment       0x0000000000000050       0x51 ./Drivers/STM32G0xx_HAL_Driver/Src/stm32g0xx_hal_pwr_ex.o
 .comment       0x0000000000000050       0x51 ./Drivers/STM32G0xx_HAL_Driver/Src/stm32g0xx_hal_rcc.o
 .comment       0x0000000000000050       0x51 ./Drivers/STM32G0xx_HAL_Driver/Src/stm32g0xx_hal_rcc_ex.o
 .comment       0x0000000000000050       0x51 ./Drivers/STM32G0xx_HAL_Driver/Src/stm32g0xx_hal_tim.o
 .comment       0x0000000000000050       0x51 ./Drivers/STM32G0xx_HAL_Driver/Src/stm32g0xx_hal_tim_ex.o
 .comment       0x0000000000000050       0x51 ./Drivers/vl53l0x/VL53L0X.o

.debug_frame    0x0000000000000000     0x4038
 .debug_frame   0x0000000000000000      0x218 ./Core/Src/main.o
 .debug_frame   0x0000000000000218      0x110 ./Core/Src/stm32g0xx_hal_msp.o
 .debug_frame   0x0000000000000328      0x10c ./Core/Src/stm32g0xx_it.o
 .debug_frame   0x0000000000000434       0x4c ./Core/Src/system_stm32g0xx.o
 .debug_frame   0x0000000000000480      0x3fc ./Drivers/STM32G0xx_HAL_Driver/Src/stm32g0xx_hal.o
 .debug_frame   0x000000000000087c      0x2fc ./Drivers/STM32G0xx_HAL_Driver/Src/stm32g0xx_hal_cortex.o
 .debug_frame   0x0000000000000b78      0x130 ./Drivers/STM32G0xx_HAL_Driver/Src/stm32g0xx_hal_crc.o
 .debug_frame   0x0000000000000ca8       0x70 ./Drivers/STM32G0xx_HAL_Driver/Src/stm32g0xx_hal_crc_ex.o
 .debug_frame   0x0000000000000d18      0x1d4 ./Drivers/STM32G0xx_HAL_Driver/Src/stm32g0xx_hal_flash.o
 .debug_frame   0x0000000000000eec      0x2ec ./Drivers/STM32G0xx_HAL_Driver/Src/stm32g0xx_hal_flash_ex.o
 .debug_frame   0x00000000000011d8      0x130 ./Drivers/STM32G0xx_HAL_Driver/Src/stm32g0xx_hal_gpio.o
 .debug_frame   0x0000000000001308      0xa64 ./Drivers/STM32G0xx_HAL_Driver/Src/stm32g0xx_hal_i2c.o
 .debug_frame   0x0000000000001d6c       0xd0 ./Drivers/STM32G0xx_HAL_Driver/Src/stm32g0xx_hal_i2c_ex.o
 .debug_frame   0x0000000000001e3c      0x32c ./Drivers/STM32G0xx_HAL_Driver/Src/stm32g0xx_hal_pwr_ex.o
 .debug_frame   0x0000000000002168      0x214 ./Drivers/STM32G0xx_HAL_Driver/Src/stm32g0xx_hal_rcc.o
 .debug_frame   0x000000000000237c       0xb0 ./Drivers/STM32G0xx_HAL_Driver/Src/stm32g0xx_hal_rcc_ex.o
 .debug_frame   0x000000000000242c      0xf40 ./Drivers/STM32G0xx_HAL_Driver/Src/stm32g0xx_hal_tim.o
 .debug_frame   0x000000000000336c      0x620 ./Drivers/STM32G0xx_HAL_Driver/Src/stm32g0xx_hal_tim_ex.o
 .debug_frame   0x000000000000398c      0x418 ./Drivers/vl53l0x/VL53L0X.o
 .debug_frame   0x0000000000003da4       0x2c c:/st/stm32cubeide_1.8.0/stm32cubeide/plugins/com.st.stm32cube.ide.mcu.externaltools.gnu-tools-for-stm32.10.3-2021.10.win32_1.0.0.202111181127/tools/bin/../lib/gcc/arm-none-eabi/10.3.1/../../../../arm-none-eabi/lib/thumb/v6-m/nofp\libc_nano.a(lib_a-init.o)
 .debug_frame   0x0000000000003dd0       0x20 c:/st/stm32cubeide_1.8.0/stm32cubeide/plugins/com.st.stm32cube.ide.mcu.externaltools.gnu-tools-for-stm32.10.3-2021.10.win32_1.0.0.202111181127/tools/bin/../lib/gcc/arm-none-eabi/10.3.1/../../../../arm-none-eabi/lib/thumb/v6-m/nofp\libc_nano.a(lib_a-memset.o)
 .debug_frame   0x0000000000003df0       0x20 c:/st/stm32cubeide_1.8.0/stm32cubeide/plugins/com.st.stm32cube.ide.mcu.externaltools.gnu-tools-for-stm32.10.3-2021.10.win32_1.0.0.202111181127/tools/bin/../lib/gcc/arm-none-eabi/10.3.1/thumb/v6-m/nofp\libgcc.a(_udivsi3.o)
 .debug_frame   0x0000000000003e10       0x20 c:/st/stm32cubeide_1.8.0/stm32cubeide/plugins/com.st.stm32cube.ide.mcu.externaltools.gnu-tools-for-stm32.10.3-2021.10.win32_1.0.0.202111181127/tools/bin/../lib/gcc/arm-none-eabi/10.3.1/thumb/v6-m/nofp\libgcc.a(_divsi3.o)
 .debug_frame   0x0000000000003e30       0x28 c:/st/stm32cubeide_1.8.0/stm32cubeide/plugins/com.st.stm32cube.ide.mcu.externaltools.gnu-tools-for-stm32.10.3-2021.10.win32_1.0.0.202111181127/tools/bin/../lib/gcc/arm-none-eabi/10.3.1/thumb/v6-m/nofp\libgcc.a(_fixunssfsi.o)
 .debug_frame   0x0000000000003e58       0x2c c:/st/stm32cubeide_1.8.0/stm32cubeide/plugins/com.st.stm32cube.ide.mcu.externaltools.gnu-tools-for-stm32.10.3-2021.10.win32_1.0.0.202111181127/tools/bin/../lib/gcc/arm-none-eabi/10.3.1/thumb/v6-m/nofp\libgcc.a(eqsf2.o)
 .debug_frame   0x0000000000003e84       0x2c c:/st/stm32cubeide_1.8.0/stm32cubeide/plugins/com.st.stm32cube.ide.mcu.externaltools.gnu-tools-for-stm32.10.3-2021.10.win32_1.0.0.202111181127/tools/bin/../lib/gcc/arm-none-eabi/10.3.1/thumb/v6-m/nofp\libgcc.a(gesf2.o)
 .debug_frame   0x0000000000003eb0       0x2c c:/st/stm32cubeide_1.8.0/stm32cubeide/plugins/com.st.stm32cube.ide.mcu.externaltools.gnu-tools-for-stm32.10.3-2021.10.win32_1.0.0.202111181127/tools/bin/../lib/gcc/arm-none-eabi/10.3.1/thumb/v6-m/nofp\libgcc.a(lesf2.o)
 .debug_frame   0x0000000000003edc       0x38 c:/st/stm32cubeide_1.8.0/stm32cubeide/plugins/com.st.stm32cube.ide.mcu.externaltools.gnu-tools-for-stm32.10.3-2021.10.win32_1.0.0.202111181127/tools/bin/../lib/gcc/arm-none-eabi/10.3.1/thumb/v6-m/nofp\libgcc.a(mulsf3.o)
 .debug_frame   0x0000000000003f14       0x38 c:/st/stm32cubeide_1.8.0/stm32cubeide/plugins/com.st.stm32cube.ide.mcu.externaltools.gnu-tools-for-stm32.10.3-2021.10.win32_1.0.0.202111181127/tools/bin/../lib/gcc/arm-none-eabi/10.3.1/thumb/v6-m/nofp\libgcc.a(subsf3.o)
 .debug_frame   0x0000000000003f4c       0x20 c:/st/stm32cubeide_1.8.0/stm32cubeide/plugins/com.st.stm32cube.ide.mcu.externaltools.gnu-tools-for-stm32.10.3-2021.10.win32_1.0.0.202111181127/tools/bin/../lib/gcc/arm-none-eabi/10.3.1/thumb/v6-m/nofp\libgcc.a(fixsfsi.o)
 .debug_frame   0x0000000000003f6c       0x38 c:/st/stm32cubeide_1.8.0/stm32cubeide/plugins/com.st.stm32cube.ide.mcu.externaltools.gnu-tools-for-stm32.10.3-2021.10.win32_1.0.0.202111181127/tools/bin/../lib/gcc/arm-none-eabi/10.3.1/thumb/v6-m/nofp\libgcc.a(eqdf2.o)
 .debug_frame   0x0000000000003fa4       0x34 c:/st/stm32cubeide_1.8.0/stm32cubeide/plugins/com.st.stm32cube.ide.mcu.externaltools.gnu-tools-for-stm32.10.3-2021.10.win32_1.0.0.202111181127/tools/bin/../lib/gcc/arm-none-eabi/10.3.1/thumb/v6-m/nofp\libgcc.a(gedf2.o)
 .debug_frame   0x0000000000003fd8       0x34 c:/st/stm32cubeide_1.8.0/stm32cubeide/plugins/com.st.stm32cube.ide.mcu.externaltools.gnu-tools-for-stm32.10.3-2021.10.win32_1.0.0.202111181127/tools/bin/../lib/gcc/arm-none-eabi/10.3.1/thumb/v6-m/nofp\libgcc.a(ledf2.o)
 .debug_frame   0x000000000000400c       0x2c c:/st/stm32cubeide_1.8.0/stm32cubeide/plugins/com.st.stm32cube.ide.mcu.externaltools.gnu-tools-for-stm32.10.3-2021.10.win32_1.0.0.202111181127/tools/bin/../lib/gcc/arm-none-eabi/10.3.1/thumb/v6-m/nofp\libgcc.a(extendsfdf2.o)
