../Drivers/vl53l0x/VL53L0X.c:35:6:writeReg	32	static
../Drivers/vl53l0x/VL53L0X.c:40:6:writeReg16Bit	48	static
../Drivers/vl53l0x/VL53L0X.c:49:6:writeReg32Bit	48	static
../Drivers/vl53l0x/VL53L0X.c:60:9:readReg	48	static
../Drivers/vl53l0x/VL53L0X.c:68:10:readReg16Bit	48	static
../Drivers/vl53l0x/VL53L0X.c:79:10:readReg32Bit	48	static
../Drivers/vl53l0x/VL53L0X.c:93:6:writeMulti	40	static
../Drivers/vl53l0x/VL53L0X.c:99:6:readMulti	40	static
../Drivers/vl53l0x/VL53L0X.c:106:6:setAddress	16	static
../Drivers/vl53l0x/VL53L0X.c:111:9:getAddress	8	static
../Drivers/vl53l0x/VL53L0X.c:123:6:initVL53L0X	40	static
../Drivers/vl53l0x/VL53L0X.c:351:6:setSignalRateLimit	16	static
../Drivers/vl53l0x/VL53L0X.c:361:7:getSignalRateLimit	8	static
../Drivers/vl53l0x/VL53L0X.c:373:6:setMeasurementTimingBudget	88	static
../Drivers/vl53l0x/VL53L0X.c:462:10:getMeasurementTimingBudget	64	static
../Drivers/vl53l0x/VL53L0X.c:516:6:setVcselPulsePeriod	64	static
../Drivers/vl53l0x/VL53L0X.c:693:9:getVcselPulsePeriod	16	static
../Drivers/vl53l0x/VL53L0X.c:712:6:startContinuous	32	static
../Drivers/vl53l0x/VL53L0X.c:750:6:stopContinuous	8	static
../Drivers/vl53l0x/VL53L0X.c:765:10:readRangeContinuousMillimeters	40	static
../Drivers/vl53l0x/VL53L0X.c:808:10:readRangeSingleMillimeters	16	static
../Drivers/vl53l0x/VL53L0X.c:830:6:timeoutOccurred	16	static
../Drivers/vl53l0x/VL53L0X.c:837:6:setTimeout	16	static
../Drivers/vl53l0x/VL53L0X.c:841:10:getTimeout	8	static
../Drivers/vl53l0x/VL53L0X.c:850:6:getSpadInfo	32	static
../Drivers/vl53l0x/VL53L0X.c:892:6:getSequenceStepEnables	32	static
../Drivers/vl53l0x/VL53L0X.c:907:6:getSequenceStepTimeouts	16	static
../Drivers/vl53l0x/VL53L0X.c:941:10:decodeTimeout	16	static
../Drivers/vl53l0x/VL53L0X.c:952:10:encodeTimeout	24	static
../Drivers/vl53l0x/VL53L0X.c:976:10:timeoutMclksToMicroseconds	24	static
../Drivers/vl53l0x/VL53L0X.c:985:10:timeoutMicrosecondsToMclks	24	static
../Drivers/vl53l0x/VL53L0X.c:994:6:performSingleRefCalibration	16	static
